Archive member included to satisfy reference by file (symbol)

/Applications/Ac6/SystemWorkbench.app/Contents/Eclipse/plugins/fr.ac6.mcu.externaltools.arm-none.macos64_1.17.0.201812190825/tools/compiler/bin/../lib/gcc/arm-none-eabi/7.3.1/../../../../arm-none-eabi/lib/thumb/v7e-m/libc.a(lib_a-exit.o)
                              /Applications/Ac6/SystemWorkbench.app/Contents/Eclipse/plugins/fr.ac6.mcu.externaltools.arm-none.macos64_1.17.0.201812190825/tools/compiler/bin/../lib/gcc/arm-none-eabi/7.3.1/../../../../arm-none-eabi/lib/thumb/v7e-m/rdimon-crt0.o (exit)
/Applications/Ac6/SystemWorkbench.app/Contents/Eclipse/plugins/fr.ac6.mcu.externaltools.arm-none.macos64_1.17.0.201812190825/tools/compiler/bin/../lib/gcc/arm-none-eabi/7.3.1/../../../../arm-none-eabi/lib/thumb/v7e-m/libc.a(lib_a-impure.o)
                              /Applications/Ac6/SystemWorkbench.app/Contents/Eclipse/plugins/fr.ac6.mcu.externaltools.arm-none.macos64_1.17.0.201812190825/tools/compiler/bin/../lib/gcc/arm-none-eabi/7.3.1/../../../../arm-none-eabi/lib/thumb/v7e-m/libc.a(lib_a-exit.o) (_global_impure_ptr)
/Applications/Ac6/SystemWorkbench.app/Contents/Eclipse/plugins/fr.ac6.mcu.externaltools.arm-none.macos64_1.17.0.201812190825/tools/compiler/bin/../lib/gcc/arm-none-eabi/7.3.1/../../../../arm-none-eabi/lib/thumb/v7e-m/libc.a(lib_a-init.o)
                              /Applications/Ac6/SystemWorkbench.app/Contents/Eclipse/plugins/fr.ac6.mcu.externaltools.arm-none.macos64_1.17.0.201812190825/tools/compiler/bin/../lib/gcc/arm-none-eabi/7.3.1/../../../../arm-none-eabi/lib/thumb/v7e-m/rdimon-crt0.o (__libc_init_array)
/Applications/Ac6/SystemWorkbench.app/Contents/Eclipse/plugins/fr.ac6.mcu.externaltools.arm-none.macos64_1.17.0.201812190825/tools/compiler/bin/../lib/gcc/arm-none-eabi/7.3.1/../../../../arm-none-eabi/lib/thumb/v7e-m/libc.a(lib_a-memset.o)
                              /Applications/Ac6/SystemWorkbench.app/Contents/Eclipse/plugins/fr.ac6.mcu.externaltools.arm-none.macos64_1.17.0.201812190825/tools/compiler/bin/../lib/gcc/arm-none-eabi/7.3.1/../../../../arm-none-eabi/lib/thumb/v7e-m/rdimon-crt0.o (memset)
/Applications/Ac6/SystemWorkbench.app/Contents/Eclipse/plugins/fr.ac6.mcu.externaltools.arm-none.macos64_1.17.0.201812190825/tools/compiler/bin/../lib/gcc/arm-none-eabi/7.3.1/../../../../arm-none-eabi/lib/thumb/v7e-m/libc.a(lib_a-__call_atexit.o)
                              /Applications/Ac6/SystemWorkbench.app/Contents/Eclipse/plugins/fr.ac6.mcu.externaltools.arm-none.macos64_1.17.0.201812190825/tools/compiler/bin/../lib/gcc/arm-none-eabi/7.3.1/../../../../arm-none-eabi/lib/thumb/v7e-m/libc.a(lib_a-exit.o) (__call_exitprocs)
/Applications/Ac6/SystemWorkbench.app/Contents/Eclipse/plugins/fr.ac6.mcu.externaltools.arm-none.macos64_1.17.0.201812190825/tools/compiler/bin/../lib/gcc/arm-none-eabi/7.3.1/../../../../arm-none-eabi/lib/thumb/v7e-m/libc.a(lib_a-atexit.o)
                              /Applications/Ac6/SystemWorkbench.app/Contents/Eclipse/plugins/fr.ac6.mcu.externaltools.arm-none.macos64_1.17.0.201812190825/tools/compiler/bin/../lib/gcc/arm-none-eabi/7.3.1/../../../../arm-none-eabi/lib/thumb/v7e-m/libc.a(lib_a-__call_atexit.o) (atexit)
/Applications/Ac6/SystemWorkbench.app/Contents/Eclipse/plugins/fr.ac6.mcu.externaltools.arm-none.macos64_1.17.0.201812190825/tools/compiler/bin/../lib/gcc/arm-none-eabi/7.3.1/../../../../arm-none-eabi/lib/thumb/v7e-m/libc.a(lib_a-fini.o)
                              /Applications/Ac6/SystemWorkbench.app/Contents/Eclipse/plugins/fr.ac6.mcu.externaltools.arm-none.macos64_1.17.0.201812190825/tools/compiler/bin/../lib/gcc/arm-none-eabi/7.3.1/../../../../arm-none-eabi/lib/thumb/v7e-m/libc.a(lib_a-__call_atexit.o) (__libc_fini_array)
/Applications/Ac6/SystemWorkbench.app/Contents/Eclipse/plugins/fr.ac6.mcu.externaltools.arm-none.macos64_1.17.0.201812190825/tools/compiler/bin/../lib/gcc/arm-none-eabi/7.3.1/../../../../arm-none-eabi/lib/thumb/v7e-m/libc.a(lib_a-lock.o)
                              /Applications/Ac6/SystemWorkbench.app/Contents/Eclipse/plugins/fr.ac6.mcu.externaltools.arm-none.macos64_1.17.0.201812190825/tools/compiler/bin/../lib/gcc/arm-none-eabi/7.3.1/../../../../arm-none-eabi/lib/thumb/v7e-m/libc.a(lib_a-__call_atexit.o) (__retarget_lock_acquire_recursive)
/Applications/Ac6/SystemWorkbench.app/Contents/Eclipse/plugins/fr.ac6.mcu.externaltools.arm-none.macos64_1.17.0.201812190825/tools/compiler/bin/../lib/gcc/arm-none-eabi/7.3.1/../../../../arm-none-eabi/lib/thumb/v7e-m/libc.a(lib_a-__atexit.o)
                              /Applications/Ac6/SystemWorkbench.app/Contents/Eclipse/plugins/fr.ac6.mcu.externaltools.arm-none.macos64_1.17.0.201812190825/tools/compiler/bin/../lib/gcc/arm-none-eabi/7.3.1/../../../../arm-none-eabi/lib/thumb/v7e-m/libc.a(lib_a-atexit.o) (__register_exitproc)
[...]
Memory Configuration

Name             Origin             Length             Attributes
RAM              0x0000000020000000 0x0000000000018000 xrw
ROM              0x0000000008000000 0x0000000000080000 xr
*default*        0x0000000000000000 0xffffffffffffffff

Linker script and memory map

LOAD /Applications/Ac6/SystemWorkbench.app/Contents/Eclipse/plugins/fr.ac6.mcu.externaltools.arm-none.macos64_1.17.0.201812190825/tools/compiler/bin/../lib/gcc/arm-none-eabi/7.3.1/thumb/v7e-m/crti.o
LOAD /Applications/Ac6/SystemWorkbench.app/Contents/Eclipse/plugins/fr.ac6.mcu.externaltools.arm-none.macos64_1.17.0.201812190825/tools/compiler/bin/../lib/gcc/arm-none-eabi/7.3.1/thumb/v7e-m/crtbegin.o
LOAD /Applications/Ac6/SystemWorkbench.app/Contents/Eclipse/plugins/fr.ac6.mcu.externaltools.arm-none.macos64_1.17.0.201812190825/tools/compiler/bin/../lib/gcc/arm-none-eabi/7.3.1/../../../../arm-none-eabi/lib/thumb/v7e-m/rdimon-crt0.o
LOAD /Applications/Ac6/SystemWorkbench.app/Contents/Eclipse/plugins/fr.ac6.mcu.externaltools.arm-none.macos64_1.17.0.201812190825/tools/compiler/bin/../lib/gcc/arm-none-eabi/7.3.1/../../../../arm-none-eabi/lib/thumb/v7e-m/libc.a
LOAD /Applications/Ac6/SystemWorkbench.app/Contents/Eclipse/plugins/fr.ac6.mcu.externaltools.arm-none.macos64_1.17.0.201812190825/tools/compiler/bin/../lib/gcc/arm-none-eabi/7.3.1/../../../../arm-none-eabi/lib/thumb/v7e-m/librdimon.a
LOAD drivers/src/stm32f401re_gpio_driver.o
LOAD drivers/src/stm32f401re_spi_driver.o
LOAD src/008spi_cmd_handling.o
LOAD startup/startup_stm32.o
LOAD /Applications/Ac6/SystemWorkbench.app/Contents/Eclipse/plugins/fr.ac6.mcu.externaltools.arm-none.macos64_1.17.0.201812190825/tools/compiler/bin/../lib/gcc/arm-none-eabi/7.3.1/../../../../arm-none-eabi/lib/thumb/v7e-m/libm.a
START GROUP
LOAD /Applications/Ac6/SystemWorkbench.app/Contents/Eclipse/plugins/fr.ac6.mcu.externaltools.arm-none.macos64_1.17.0.201812190825/tools/compiler/bin/../lib/gcc/arm-none-eabi/7.3.1/thumb/v7e-m/libgcc.a
LOAD /Applications/Ac6/SystemWorkbench.app/Contents/Eclipse/plugins/fr.ac6.mcu.externaltools.arm-none.macos64_1.17.0.201812190825/tools/compiler/bin/../lib/gcc/arm-none-eabi/7.3.1/../../../../arm-none-eabi/lib/thumb/v7e-m/libc.a
END GROUP
START GROUP
LOAD /Applications/Ac6/SystemWorkbench.app/Contents/Eclipse/plugins/fr.ac6.mcu.externaltools.arm-none.macos64_1.17.0.201812190825/tools/compiler/bin/../lib/gcc/arm-none-eabi/7.3.1/thumb/v7e-m/libgcc.a
LOAD /Applications/Ac6/SystemWorkbench.app/Contents/Eclipse/plugins/fr.ac6.mcu.externaltools.arm-none.macos64_1.17.0.201812190825/tools/compiler/bin/../lib/gcc/arm-none-eabi/7.3.1/../../../../arm-none-eabi/lib/thumb/v7e-m/libc.a
LOAD /Applications/Ac6/SystemWorkbench.app/Contents/Eclipse/plugins/fr.ac6.mcu.externaltools.arm-none.macos64_1.17.0.201812190825/tools/compiler/bin/../lib/gcc/arm-none-eabi/7.3.1/../../../../arm-none-eabi/lib/thumb/v7e-m/librdimon.a
END GROUP
LOAD /Applications/Ac6/SystemWorkbench.app/Contents/Eclipse/plugins/fr.ac6.mcu.externaltools.arm-none.macos64_1.17.0.201812190825/tools/compiler/bin/../lib/gcc/arm-none-eabi/7.3.1/thumb/v7e-m/crtend.o
LOAD /Applications/Ac6/SystemWorkbench.app/Contents/Eclipse/plugins/fr.ac6.mcu.externaltools.arm-none.macos64_1.17.0.201812190825/tools/compiler/bin/../lib/gcc/arm-none-eabi/7.3.1/thumb/v7e-m/crtn.o
                0x0000000020018000                _estack = 0x20018000
                0x0000000000000000                _Min_Heap_Size = 0x0
                0x0000000000000400                _Min_Stack_Size = 0x400

.isr_vector     0x0000000008000000      0x194
                0x0000000008000000                . = ALIGN (0x4)
 *(.isr_vector)
 .isr_vector    0x0000000008000000      0x194 startup/startup_stm32.o
                0x0000000008000000                g_pfnVectors
                0x0000000008000194                . = ALIGN (0x4)

.text           0x00000000080001c0     0x6f1c
                0x00000000080001c0                . = ALIGN (0x4)
 *(.text)
 .text          0x00000000080001c0       0x40 /Applications/Ac6/SystemWorkbench.app/Contents/Eclipse/plugins/fr.ac6.mcu.externaltools.arm-none.macos64_1.17.0.201812190825/tools/compiler/bin/../lib/gcc/arm-none-eabi/7.3.1/thumb/v7e-m/crtbegin.o
 .text          0x0000000008000200       0xdc /Applications/Ac6/SystemWorkbench.app/Contents/Eclipse/plugins/fr.ac6.mcu.externaltools.arm-none.macos64_1.17.0.201812190825/tools/compiler/bin/../lib/gcc/arm-none-eabi/7.3.1/../../../../arm-none-eabi/lib/thumb/v7e-m/libc.a(lib_a-strlen.o)
                0x0000000008000200                strlen
 *fill*         0x00000000080002dc        0x4 
 .text          0x00000000080002e0       0xa0 /Applications/Ac6/SystemWorkbench.app/Contents/Eclipse/plugins/fr.ac6.mcu.externaltools.arm-none.macos64_1.17.0.201812190825/tools/compiler/bin/../lib/gcc/arm-none-eabi/7.3.1/../../../../arm-none-eabi/lib/thumb/v7e-m/libc.a(lib_a-memchr.o)
                0x00000000080002e0                memchr
 .text          0x0000000008000380      0x134 /Applications/Ac6/SystemWorkbench.app/Contents/Eclipse/plugins/fr.ac6.mcu.externaltools.arm-none.macos64_1.17.0.201812190825/tools/compiler/bin/../lib/gcc/arm-none-eabi/7.3.1/../../../../arm-none-eabi/lib/thumb/v7e-m/libc.a(lib_a-memcpy.o)
                0x0000000008000380                memcpy
 .text          0x00000000080004b4      0x378 /Applications/Ac6/SystemWorkbench.app/Contents/Eclipse/plugins/fr.ac6.mcu.externaltools.arm-none.macos64_1.17.0.201812190825/tools/compiler/bin/../lib/gcc/arm-none-eabi/7.3.1/thumb/v7e-m/libgcc.a(_arm_addsubdf3.o)
                0x00000000080004b4                __aeabi_drsub
                0x00000000080004bc                __subdf3
                0x00000000080004bc                __aeabi_dsub
                0x00000000080004c0                __aeabi_dadd
                0x00000000080004c0                __adddf3
                0x0000000008000738                __aeabi_ui2d
                0x0000000008000738                __floatunsidf
                0x0000000008000758                __floatsidf
                0x0000000008000758                __aeabi_i2d
                0x000000000800077c                __extendsfdf2
                0x000000000800077c                __aeabi_f2d
                0x00000000080007c0                __aeabi_ul2d
                0x00000000080007c0                __floatundidf
                0x00000000080007d0                __aeabi_l2d
                0x00000000080007d0                __floatdidf
 .text          0x000000000800082c      0x424 /Applications/Ac6/SystemWorkbench.app/Contents/Eclipse/plugins/fr.ac6.mcu.externaltools.arm-none.macos64_1.17.0.201812190825/tools/compiler/bin/../lib/gcc/arm-none-eabi/7.3.1/thumb/v7e-m/libgcc.a(_arm_muldivdf3.o)
                0x000000000800082c                __aeabi_dmul
                0x000000000800082c                __muldf3
                0x0000000008000a80                __aeabi_ddiv
                0x0000000008000a80                __divdf3
 .text          0x0000000008000c50      0x110 /Applications/Ac6/SystemWorkbench.app/Contents/Eclipse/plugins/fr.ac6.mcu.externaltools.arm-none.macos64_1.17.0.201812190825/tools/compiler/bin/../lib/gcc/arm-none-eabi/7.3.1/thumb/v7e-m/libgcc.a(_arm_cmpdf2.o)
                0x0000000008000c50                __gedf2
                0x0000000008000c50                __gtdf2
                0x0000000008000c58                __ledf2
                0x0000000008000c58                __ltdf2
                0x0000000008000c60                __cmpdf2
                0x0000000008000c60                __eqdf2
                0x0000000008000c60                __nedf2
                0x0000000008000cdc                __aeabi_cdrcmple
                0x0000000008000cec                __aeabi_cdcmple
                0x0000000008000cec                __aeabi_cdcmpeq
                0x0000000008000cfc                __aeabi_dcmpeq
                0x0000000008000d10                __aeabi_dcmplt
                0x0000000008000d24                __aeabi_dcmple
                0x0000000008000d38                __aeabi_dcmpge
                0x0000000008000d4c                __aeabi_dcmpgt
 .text          0x0000000008000d60       0x2c /Applications/Ac6/SystemWorkbench.app/Contents/Eclipse/plugins/fr.ac6.mcu.externaltools.arm-none.macos64_1.17.0.201812190825/tools/compiler/bin/../lib/gcc/arm-none-eabi/7.3.1/thumb/v7e-m/libgcc.a(_arm_unorddf2.o)
                0x0000000008000d60                __aeabi_dcmpun
                0x0000000008000d60                __unorddf2
 .text          0x0000000008000d8c       0x50 /Applications/Ac6/SystemWorkbench.app/Contents/Eclipse/plugins/fr.ac6.mcu.externaltools.arm-none.macos64_1.17.0.201812190825/tools/compiler/bin/../lib/gcc/arm-none-eabi/7.3.1/thumb/v7e-m/libgcc.a(_arm_fixdfsi.o)
                0x0000000008000d8c                __fixdfsi
                0x0000000008000d8c                __aeabi_d2iz
 .text          0x0000000008000ddc       0x30 /Applications/Ac6/SystemWorkbench.app/Contents/Eclipse/plugins/fr.ac6.mcu.externaltools.arm-none.macos64_1.17.0.201812190825/tools/compiler/bin/../lib/gcc/arm-none-eabi/7.3.1/thumb/v7e-m/libgcc.a(_aeabi_uldivmod.o)
                0x0000000008000ddc                __aeabi_uldivmod
 .text          0x0000000008000e0c      0x2cc /Applications/Ac6/SystemWorkbench.app/Contents/Eclipse/plugins/fr.ac6.mcu.externaltools.arm-none.macos64_1.17.0.201812190825/tools/compiler/bin/../lib/gcc/arm-none-eabi/7.3.1/thumb/v7e-m/libgcc.a(_udivmoddi4.o)
                0x0000000008000e0c                __udivmoddi4
 .text          0x00000000080010d8        0x4 /Applications/Ac6/SystemWorkbench.app/Contents/Eclipse/plugins/fr.ac6.mcu.externaltools.arm-none.macos64_1.17.0.201812190825/tools/compiler/bin/../lib/gcc/arm-none-eabi/7.3.1/thumb/v7e-m/libgcc.a(_dvmd_tls.o)
                0x00000000080010d8                __aeabi_ldiv0
                0x00000000080010d8                __aeabi_idiv0
 *(.text*)
 .text.__libc_init_array
                0x00000000080010dc       0x48 /Applications/Ac6/SystemWorkbench.app/Contents/Eclipse/plugins/fr.ac6.mcu.externaltools.arm-none.macos64_1.17.0.201812190825/tools/compiler/bin/../lib/gcc/arm-none-eabi/7.3.1/../../../../arm-none-eabi/lib/thumb/v7e-m/libc.a(lib_a-init.o)
                0x00000000080010dc                __libc_init_array
 .text.memset   0x0000000008001124       0x94 /Applications/Ac6/SystemWorkbench.app/Contents/Eclipse/plugins/fr.ac6.mcu.externaltools.arm-none.macos64_1.17.0.201812190825/tools/compiler/bin/../lib/gcc/arm-none-eabi/7.3.1/../../../../arm-none-eabi/lib/thumb/v7e-m/libc.a(lib_a-memset.o)
                0x0000000008001124                memset
 .text.startup.register_fini
                0x00000000080011b8       0x14 /Applications/Ac6/SystemWorkbench.app/Contents/Eclipse/plugins/fr.ac6.mcu.externaltools.arm-none.macos64_1.17.0.201812190825/tools/compiler/bin/../lib/gcc/arm-none-eabi/7.3.1/../../../../arm-none-eabi/lib/thumb/v7e-m/libc.a(lib_a-__call_atexit.o)
 .text.atexit   0x00000000080011cc        0xc /Applications/Ac6/SystemWorkbench.app/Contents/Eclipse/plugins/fr.ac6.mcu.externaltools.arm-none.macos64_1.17.0.201812190825/tools/compiler/bin/../lib/gcc/arm-none-eabi/7.3.1/../../../../arm-none-eabi/lib/thumb/v7e-m/libc.a(lib_a-atexit.o)
                0x00000000080011cc                atexit
 .text.__libc_fini_array
                0x00000000080011d8       0x34 /Applications/Ac6/SystemWorkbench.app/Contents/Eclipse/plugins/fr.ac6.mcu.externaltools.arm-none.macos64_1.17.0.201812190825/tools/compiler/bin/../lib/gcc/arm-none-eabi/7.3.1/../../../../arm-none-eabi/lib/thumb/v7e-m/libc.a(lib_a-fini.o)
                0x00000000080011d8                __libc_fini_array
 .text.__retarget_lock_init_recursive
                0x000000000800120c        0x4 /Applications/Ac6/SystemWorkbench.app/Contents/Eclipse/plugins/fr.ac6.mcu.externaltools.arm-none.macos64_1.17.0.201812190825/tools/compiler/bin/../lib/gcc/arm-none-eabi/7.3.1/../../../../arm-none-eabi/lib/thumb/v7e-m/libc.a(lib_a-lock.o)
                0x000000000800120c                __retarget_lock_init_recursive
 .text.__retarget_lock_close_recursive
                0x0000000008001210        0x4 /Applications/Ac6/SystemWorkbench.app/Contents/Eclipse/plugins/fr.ac6.mcu.externaltools.arm-none.macos64_1.17.0.201812190825/tools/compiler/bin/../lib/gcc/arm-none-eabi/7.3.1/../../../../arm-none-eabi/lib/thumb/v7e-m/libc.a(lib_a-lock.o)
                0x0000000008001210                __retarget_lock_close_recursive
 .text.__retarget_lock_acquire_recursive
                0x0000000008001214        0x4 /Applications/Ac6/SystemWorkbench.app/Contents/Eclipse/plugins/fr.ac6.mcu.externaltools.arm-none.macos64_1.17.0.201812190825/tools/compiler/bin/../lib/gcc/arm-none-eabi/7.3.1/../../../../arm-none-eabi/lib/thumb/v7e-m/libc.a(lib_a-lock.o)
                0x0000000008001214                __retarget_lock_acquire_recursive
 .text.__retarget_lock_release_recursive
                0x0000000008001218        0x4 /Applications/Ac6/SystemWorkbench.app/Contents/Eclipse/plugins/fr.ac6.mcu.externaltools.arm-none.macos64_1.17.0.201812190825/tools/compiler/bin/../lib/gcc/arm-none-eabi/7.3.1/../../../../arm-none-eabi/lib/thumb/v7e-m/libc.a(lib_a-lock.o)
                0x0000000008001218                __retarget_lock_release_recursive
 .text.__register_exitproc
                0x000000000800121c       0xc0 /Applications/Ac6/SystemWorkbench.app/Contents/Eclipse/plugins/fr.ac6.mcu.externaltools.arm-none.macos64_1.17.0.201812190825/tools/compiler/bin/../lib/gcc/arm-none-eabi/7.3.1/../../../../arm-none-eabi/lib/thumb/v7e-m/libc.a(lib_a-__atexit.o)
                0x000000000800121c                __register_exitproc
 .text.findslot
                0x00000000080012dc       0x38 /Applications/Ac6/SystemWorkbench.app/Contents/Eclipse/plugins/fr.ac6.mcu.externaltools.arm-none.macos64_1.17.0.201812190825/tools/compiler/bin/../lib/gcc/arm-none-eabi/7.3.1/../../../../arm-none-eabi/lib/thumb/v7e-m/librdimon.a(rdimon-syscalls.o)
 .text.checkerror.part.0
                0x0000000008001314       0x1c /Applications/Ac6/SystemWorkbench.app/Contents/Eclipse/plugins/fr.ac6.mcu.externaltools.arm-none.macos64_1.17.0.201812190825/tools/compiler/bin/../lib/gcc/arm-none-eabi/7.3.1/../../../../arm-none-eabi/lib/thumb/v7e-m/librdimon.a(rdimon-syscalls.o)
 .text._read    0x0000000008001330       0x50 /Applications/Ac6/SystemWorkbench.app/Contents/Eclipse/plugins/fr.ac6.mcu.externaltools.arm-none.macos64_1.17.0.201812190825/tools/compiler/bin/../lib/gcc/arm-none-eabi/7.3.1/../../../../arm-none-eabi/lib/thumb/v7e-m/librdimon.a(rdimon-syscalls.o)
                0x0000000008001330                _read
 .text._swilseek
                0x0000000008001380       0x9c /Applications/Ac6/SystemWorkbench.app/Contents/Eclipse/plugins/fr.ac6.mcu.externaltools.arm-none.macos64_1.17.0.201812190825/tools/compiler/bin/../lib/gcc/arm-none-eabi/7.3.1/../../../../arm-none-eabi/lib/thumb/v7e-m/librdimon.a(rdimon-syscalls.o)
                0x0000000008001380                _swilseek
 .text._lseek   0x000000000800141c        0x4 /Applications/Ac6/SystemWorkbench.app/Contents/Eclipse/plugins/fr.ac6.mcu.externaltools.arm-none.macos64_1.17.0.201812190825/tools/compiler/bin/../lib/gcc/arm-none-eabi/7.3.1/../../../../arm-none-eabi/lib/thumb/v7e-m/librdimon.a(rdimon-syscalls.o)
                0x000000000800141c                _lseek
 .text._write   0x0000000008001420       0x74 /Applications/Ac6/SystemWorkbench.app/Contents/Eclipse/plugins/fr.ac6.mcu.externaltools.arm-none.macos64_1.17.0.201812190825/tools/compiler/bin/../lib/gcc/arm-none-eabi/7.3.1/../../../../arm-none-eabi/lib/thumb/v7e-m/librdimon.a(rdimon-syscalls.o)
                0x0000000008001420                _write
 .text._close   0x0000000008001494       0x6c /Applications/Ac6/SystemWorkbench.app/Contents/Eclipse/plugins/fr.ac6.mcu.externaltools.arm-none.macos64_1.17.0.201812190825/tools/compiler/bin/../lib/gcc/arm-none-eabi/7.3.1/../../../../arm-none-eabi/lib/thumb/v7e-m/librdimon.a(rdimon-syscalls.o)
                0x0000000008001494                _close
 .text._sbrk    0x0000000008001500       0x4c /Applications/Ac6/SystemWorkbench.app/Contents/Eclipse/plugins/fr.ac6.mcu.externaltools.arm-none.macos64_1.17.0.201812190825/tools/compiler/bin/../lib/gcc/arm-none-eabi/7.3.1/../../../../arm-none-eabi/lib/thumb/v7e-m/librdimon.a(rdimon-syscalls.o)
                0x0000000008001500                _sbrk
 .text._swistat
                0x000000000800154c       0x48 /Applications/Ac6/SystemWorkbench.app/Contents/Eclipse/plugins/fr.ac6.mcu.externaltools.arm-none.macos64_1.17.0.201812190825/tools/compiler/bin/../lib/gcc/arm-none-eabi/7.3.1/../../../../arm-none-eabi/lib/thumb/v7e-m/librdimon.a(rdimon-syscalls.o)
                0x000000000800154c                _swistat
 .text._fstat   0x0000000008001594       0x1c /Applications/Ac6/SystemWorkbench.app/Contents/Eclipse/plugins/fr.ac6.mcu.externaltools.arm-none.macos64_1.17.0.201812190825/tools/compiler/bin/../lib/gcc/arm-none-eabi/7.3.1/../../../../arm-none-eabi/lib/thumb/v7e-m/librdimon.a(rdimon-syscalls.o)
                0x0000000008001594                _fstat
 .text._stat    0x00000000080015b0       0x3c /Applications/Ac6/SystemWorkbench.app/Contents/Eclipse/plugins/fr.ac6.mcu.externaltools.arm-none.macos64_1.17.0.201812190825/tools/compiler/bin/../lib/gcc/arm-none-eabi/7.3.1/../../../../arm-none-eabi/lib/thumb/v7e-m/librdimon.a(rdimon-syscalls.o)
                0x00000000080015b0                _stat
 .text._swiopen
                0x00000000080015ec       0xd8 /Applications/Ac6/SystemWorkbench.app/Contents/Eclipse/plugins/fr.ac6.mcu.externaltools.arm-none.macos64_1.17.0.201812190825/tools/compiler/bin/../lib/gcc/arm-none-eabi/7.3.1/../../../../arm-none-eabi/lib/thumb/v7e-m/librdimon.a(rdimon-syscalls.o)
                0x00000000080015ec                _swiopen
 .text._get_semihosting_exts
                0x00000000080016c4       0xd0 /Applications/Ac6/SystemWorkbench.app/Contents/Eclipse/plugins/fr.ac6.mcu.externaltools.arm-none.macos64_1.17.0.201812190825/tools/compiler/bin/../lib/gcc/arm-none-eabi/7.3.1/../../../../arm-none-eabi/lib/thumb/v7e-m/librdimon.a(rdimon-syscalls.o)
                0x00000000080016c4                _get_semihosting_exts
 .text.initialise_semihosting_exts
                0x0000000008001794       0x3c /Applications/Ac6/SystemWorkbench.app/Contents/Eclipse/plugins/fr.ac6.mcu.externaltools.arm-none.macos64_1.17.0.201812190825/tools/compiler/bin/../lib/gcc/arm-none-eabi/7.3.1/../../../../arm-none-eabi/lib/thumb/v7e-m/librdimon.a(rdimon-syscalls.o)
 .text.initialise_monitor_handles
                0x00000000080017d0       0xfc /Applications/Ac6/SystemWorkbench.app/Contents/Eclipse/plugins/fr.ac6.mcu.externaltools.arm-none.macos64_1.17.0.201812190825/tools/compiler/bin/../lib/gcc/arm-none-eabi/7.3.1/../../../../arm-none-eabi/lib/thumb/v7e-m/librdimon.a(rdimon-syscalls.o)
                0x00000000080017d0                initialise_monitor_handles
 .text._isatty  0x00000000080018cc       0x3c /Applications/Ac6/SystemWorkbench.app/Contents/Eclipse/plugins/fr.ac6.mcu.externaltools.arm-none.macos64_1.17.0.201812190825/tools/compiler/bin/../lib/gcc/arm-none-eabi/7.3.1/../../../../arm-none-eabi/lib/thumb/v7e-m/librdimon.a(rdimon-syscalls.o)
                0x00000000080018cc                _isatty
 .text.GPIO_PeriClockControl
                0x0000000008001908      0x12c drivers/src/stm32f401re_gpio_driver.o
                0x0000000008001908                GPIO_PeriClockControl
 .text.GPIO_Init
                0x0000000008001a34      0x314 drivers/src/stm32f401re_gpio_driver.o
                0x0000000008001a34                GPIO_Init
 .text.GPIO_ReadFromInputPin
                0x0000000008001d48       0x2a drivers/src/stm32f401re_gpio_driver.o
                0x0000000008001d48                GPIO_ReadFromInputPin
 *fill*         0x0000000008001d72        0x2 
 .text.SPI_PeriClockControl
                0x0000000008001d74       0xe0 drivers/src/stm32f401re_spi_driver.o
                0x0000000008001d74                SPI_PeriClockControl
 .text.SPI_Init
                0x0000000008001e54       0xa8 drivers/src/stm32f401re_spi_driver.o
                0x0000000008001e54                SPI_Init
 .text.SPI_GetFlagStatus
                0x0000000008001efc       0x26 drivers/src/stm32f401re_spi_driver.o
                0x0000000008001efc                SPI_GetFlagStatus
 .text.SPI_SendData
                0x0000000008001f22       0x6c drivers/src/stm32f401re_spi_driver.o
                0x0000000008001f22                SPI_SendData
 .text.SPI_ReceiveData
                0x0000000008001f8e       0x6c drivers/src/stm32f401re_spi_driver.o
                0x0000000008001f8e                SPI_ReceiveData
 .text.SPI_PeripheralControl
                0x0000000008001ffa       0x36 drivers/src/stm32f401re_spi_driver.o
                0x0000000008001ffa                SPI_PeripheralControl
 .text.SPI_SSOEConfig
                0x0000000008002030       0x36 drivers/src/stm32f401re_spi_driver.o
                0x0000000008002030                SPI_SSOEConfig
 *fill*         0x0000000008002066        0x2 
 .text.delay    0x0000000008002068       0x28 src/008spi_cmd_handling.o
                0x0000000008002068                delay
 .text.SPI2_GPIOInits
                0x0000000008002090       0x5c src/008spi_cmd_handling.o
                0x0000000008002090                SPI2_GPIOInits
 .text.SPI2_Inits
                0x00000000080020ec       0x3c src/008spi_cmd_handling.o
                0x00000000080020ec                SPI2_Inits
 .text.GPIO_ButtonInit
                0x0000000008002128       0x30 src/008spi_cmd_handling.o
                0x0000000008002128                GPIO_ButtonInit
 .text.SPI_VerifyResponse
                0x0000000008002158       0x20 src/008spi_cmd_handling.o
                0x0000000008002158                SPI_VerifyResponse
 .text.main     0x0000000008002178      0x3b8 src/008spi_cmd_handling.o
                0x0000000008002178                main
 .text.Reset_Handler
                0x0000000008002530       0x50 startup/startup_stm32.o
                0x0000000008002530                Reset_Handler
 .text.Default_Handler
                0x0000000008002580        0x2 startup/startup_stm32.o
                0x0000000008002580                I2C1_ER_IRQHandler
                0x0000000008002580                EXTI2_IRQHandler
                0x0000000008002580                DebugMon_Handler
                0x0000000008002580                SPI4_IRQHandler
                0x0000000008002580                TIM1_CC_IRQHandler
                0x0000000008002580                HardFault_Handler
                0x0000000008002580                SysTick_Handler
                0x0000000008002580                PVD_IRQHandler
                0x0000000008002580                SDIO_IRQHandler
                0x0000000008002580                TAMP_STAMP_IRQHandler
                0x0000000008002580                PendSV_Handler
                0x0000000008002580                NMI_Handler
                0x0000000008002580                EXTI3_IRQHandler
                0x0000000008002580                TIM1_UP_TIM10_IRQHandler
                0x0000000008002580                I2C3_ER_IRQHandler
                0x0000000008002580                EXTI0_IRQHandler
                0x0000000008002580                I2C2_EV_IRQHandler
                0x0000000008002580                FPU_IRQHandler
                0x0000000008002580                UsageFault_Handler
                0x0000000008002580                SPI1_IRQHandler
                0x0000000008002580                TIM1_BRK_TIM9_IRQHandler
                0x0000000008002580                I2C1_EV_IRQHandler
                0x0000000008002580                TIM3_IRQHandler
                0x0000000008002580                RCC_IRQHandler
                0x0000000008002580                Default_Handler
                0x0000000008002580                EXTI15_10_IRQHandler
                0x0000000008002580                ADC_IRQHandler
                0x0000000008002580                I2C3_EV_IRQHandler
                0x0000000008002580                EXTI9_5_IRQHandler
                0x0000000008002580                RTC_WKUP_IRQHandler
                0x0000000008002580                SPI2_IRQHandler
                0x0000000008002580                MemManage_Handler
                0x0000000008002580                SVC_Handler
                0x0000000008002580                EXTI4_IRQHandler
                0x0000000008002580                TIM2_IRQHandler
                0x0000000008002580                OTG_FS_WKUP_IRQHandler
                0x0000000008002580                TIM1_TRG_COM_TIM11_IRQHandler
                0x0000000008002580                EXTI1_IRQHandler
                0x0000000008002580                I2C2_ER_IRQHandler
                0x0000000008002580                FLASH_IRQHandler
                0x0000000008002580                BusFault_Handler
                0x0000000008002580                OTG_FS_IRQHandler
                0x0000000008002580                SPI3_IRQHandler
                0x0000000008002580                RTC_Alarm_IRQHandler
 *fill*         0x0000000008002582        0x2 
 .text.__errno  0x0000000008002584        0xc /Applications/Ac6/SystemWorkbench.app/Contents/Eclipse/plugins/fr.ac6.mcu.externaltools.arm-none.macos64_1.17.0.201812190825/tools/compiler/bin/../lib/gcc/arm-none-eabi/7.3.1/../../../../arm-none-eabi/lib/thumb/v7e-m/libc.a(lib_a-errno.o)
                0x0000000008002584                __errno
 .text.std      0x0000000008002590       0x50 /Applications/Ac6/SystemWorkbench.app/Contents/Eclipse/plugins/fr.ac6.mcu.externaltools.arm-none.macos64_1.17.0.201812190825/tools/compiler/bin/../lib/gcc/arm-none-eabi/7.3.1/../../../../arm-none-eabi/lib/thumb/v7e-m/libc.a(lib_a-findfp.o)
 .text._cleanup_r
                0x00000000080025e0        0xc /Applications/Ac6/SystemWorkbench.app/Contents/Eclipse/plugins/fr.ac6.mcu.externaltools.arm-none.macos64_1.17.0.201812190825/tools/compiler/bin/../lib/gcc/arm-none-eabi/7.3.1/../../../../arm-none-eabi/lib/thumb/v7e-m/libc.a(lib_a-findfp.o)
                0x00000000080025e0                _cleanup_r
 .text.__sinit  0x00000000080025ec       0x58 /Applications/Ac6/SystemWorkbench.app/Contents/Eclipse/plugins/fr.ac6.mcu.externaltools.arm-none.macos64_1.17.0.201812190825/tools/compiler/bin/../lib/gcc/arm-none-eabi/7.3.1/../../../../arm-none-eabi/lib/thumb/v7e-m/libc.a(lib_a-findfp.o)
                0x00000000080025ec                __sinit
 .text.__sfp_lock_acquire
                0x0000000008002644        0xc /Applications/Ac6/SystemWorkbench.app/Contents/Eclipse/plugins/fr.ac6.mcu.externaltools.arm-none.macos64_1.17.0.201812190825/tools/compiler/bin/../lib/gcc/arm-none-eabi/7.3.1/../../../../arm-none-eabi/lib/thumb/v7e-m/libc.a(lib_a-findfp.o)
                0x0000000008002644                __sfp_lock_acquire
 .text.__sfp_lock_release
                0x0000000008002650        0xc /Applications/Ac6/SystemWorkbench.app/Contents/Eclipse/plugins/fr.ac6.mcu.externaltools.arm-none.macos64_1.17.0.201812190825/tools/compiler/bin/../lib/gcc/arm-none-eabi/7.3.1/../../../../arm-none-eabi/lib/thumb/v7e-m/libc.a(lib_a-findfp.o)
                0x0000000008002650                __sfp_lock_release
 .text._fwalk_reent
                0x000000000800265c       0x54 /Applications/Ac6/SystemWorkbench.app/Contents/Eclipse/plugins/fr.ac6.mcu.externaltools.arm-none.macos64_1.17.0.201812190825/tools/compiler/bin/../lib/gcc/arm-none-eabi/7.3.1/../../../../arm-none-eabi/lib/thumb/v7e-m/libc.a(lib_a-fwalk.o)
                0x000000000800265c                _fwalk_reent
 .text._malloc_r
                0x00000000080026b0      0x548 /Applications/Ac6/SystemWorkbench.app/Contents/Eclipse/plugins/fr.ac6.mcu.externaltools.arm-none.macos64_1.17.0.201812190825/tools/compiler/bin/../lib/gcc/arm-none-eabi/7.3.1/../../../../arm-none-eabi/lib/thumb/v7e-m/libc.a(lib_a-mallocr.o)
                0x00000000080026b0                _malloc_r
 .text.__malloc_lock
                0x0000000008002bf8        0xc /Applications/Ac6/SystemWorkbench.app/Contents/Eclipse/plugins/fr.ac6.mcu.externaltools.arm-none.macos64_1.17.0.201812190825/tools/compiler/bin/../lib/gcc/arm-none-eabi/7.3.1/../../../../arm-none-eabi/lib/thumb/v7e-m/libc.a(lib_a-mlock.o)
                0x0000000008002bf8                __malloc_lock
 .text.__malloc_unlock
                0x0000000008002c04        0xc /Applications/Ac6/SystemWorkbench.app/Contents/Eclipse/plugins/fr.ac6.mcu.externaltools.arm-none.macos64_1.17.0.201812190825/tools/compiler/bin/../lib/gcc/arm-none-eabi/7.3.1/../../../../arm-none-eabi/lib/thumb/v7e-m/libc.a(lib_a-mlock.o)
                0x0000000008002c04                __malloc_unlock
 .text.printf   0x0000000008002c10       0x28 /Applications/Ac6/SystemWorkbench.app/Contents/Eclipse/plugins/fr.ac6.mcu.externaltools.arm-none.macos64_1.17.0.201812190825/tools/compiler/bin/../lib/gcc/arm-none-eabi/7.3.1/../../../../arm-none-eabi/lib/thumb/v7e-m/libc.a(lib_a-printf.o)
                0x0000000008002c10                printf
 .text._puts_r  0x0000000008002c38       0x9c /Applications/Ac6/SystemWorkbench.app/Contents/Eclipse/plugins/fr.ac6.mcu.externaltools.arm-none.macos64_1.17.0.201812190825/tools/compiler/bin/../lib/gcc/arm-none-eabi/7.3.1/../../../../arm-none-eabi/lib/thumb/v7e-m/libc.a(lib_a-puts.o)
                0x0000000008002c38                _puts_r
 .text.puts     0x0000000008002cd4       0x10 /Applications/Ac6/SystemWorkbench.app/Contents/Eclipse/plugins/fr.ac6.mcu.externaltools.arm-none.macos64_1.17.0.201812190825/tools/compiler/bin/../lib/gcc/arm-none-eabi/7.3.1/../../../../arm-none-eabi/lib/thumb/v7e-m/libc.a(lib_a-puts.o)
                0x0000000008002cd4                puts
 .text._sbrk_r  0x0000000008002ce4       0x24 /Applications/Ac6/SystemWorkbench.app/Contents/Eclipse/plugins/fr.ac6.mcu.externaltools.arm-none.macos64_1.17.0.201812190825/tools/compiler/bin/../lib/gcc/arm-none-eabi/7.3.1/../../../../arm-none-eabi/lib/thumb/v7e-m/libc.a(lib_a-sbrkr.o)
                0x0000000008002ce4                _sbrk_r
 .text.__sread  0x0000000008002d08       0x24 /Applications/Ac6/SystemWorkbench.app/Contents/Eclipse/plugins/fr.ac6.mcu.externaltools.arm-none.macos64_1.17.0.201812190825/tools/compiler/bin/../lib/gcc/arm-none-eabi/7.3.1/../../../../arm-none-eabi/lib/thumb/v7e-m/libc.a(lib_a-stdio.o)
                0x0000000008002d08                __sread
 .text.__swrite
                0x0000000008002d2c       0x3c /Applications/Ac6/SystemWorkbench.app/Contents/Eclipse/plugins/fr.ac6.mcu.externaltools.arm-none.macos64_1.17.0.201812190825/tools/compiler/bin/../lib/gcc/arm-none-eabi/7.3.1/../../../../arm-none-eabi/lib/thumb/v7e-m/libc.a(lib_a-stdio.o)
                0x0000000008002d2c                __swrite
 .text.__sseek  0x0000000008002d68       0x20 /Applications/Ac6/SystemWorkbench.app/Contents/Eclipse/plugins/fr.ac6.mcu.externaltools.arm-none.macos64_1.17.0.201812190825/tools/compiler/bin/../lib/gcc/arm-none-eabi/7.3.1/../../../../arm-none-eabi/lib/thumb/v7e-m/libc.a(lib_a-stdio.o)
                0x0000000008002d68                __sseek
 .text.__sclose
                0x0000000008002d88        0x8 /Applications/Ac6/SystemWorkbench.app/Contents/Eclipse/plugins/fr.ac6.mcu.externaltools.arm-none.macos64_1.17.0.201812190825/tools/compiler/bin/../lib/gcc/arm-none-eabi/7.3.1/../../../../arm-none-eabi/lib/thumb/v7e-m/libc.a(lib_a-stdio.o)
                0x0000000008002d88                __sclose
 .text._vfprintf_r
                0x0000000008002d90     0x1a80 /Applications/Ac6/SystemWorkbench.app/Contents/Eclipse/plugins/fr.ac6.mcu.externaltools.arm-none.macos64_1.17.0.201812190825/tools/compiler/bin/../lib/gcc/arm-none-eabi/7.3.1/../../../../arm-none-eabi/lib/thumb/v7e-m/libc.a(lib_a-vfprintf.o)
                0x0000000008002d90                _vfprintf_r
 .text.__sbprintf
                0x0000000008004810       0x84 /Applications/Ac6/SystemWorkbench.app/Contents/Eclipse/plugins/fr.ac6.mcu.externaltools.arm-none.macos64_1.17.0.201812190825/tools/compiler/bin/../lib/gcc/arm-none-eabi/7.3.1/../../../../arm-none-eabi/lib/thumb/v7e-m/libc.a(lib_a-vfprintf.o)
 .text._write_r
                0x0000000008004894       0x2c /Applications/Ac6/SystemWorkbench.app/Contents/Eclipse/plugins/fr.ac6.mcu.externaltools.arm-none.macos64_1.17.0.201812190825/tools/compiler/bin/../lib/gcc/arm-none-eabi/7.3.1/../../../../arm-none-eabi/lib/thumb/v7e-m/libc.a(lib_a-writer.o)
                0x0000000008004894                _write_r
 .text.__swsetup_r
                0x00000000080048c0       0xcc /Applications/Ac6/SystemWorkbench.app/Contents/Eclipse/plugins/fr.ac6.mcu.externaltools.arm-none.macos64_1.17.0.201812190825/tools/compiler/bin/../lib/gcc/arm-none-eabi/7.3.1/../../../../arm-none-eabi/lib/thumb/v7e-m/libc.a(lib_a-wsetup.o)
                0x00000000080048c0                __swsetup_r
 .text._close_r
                0x000000000800498c       0x24 /Applications/Ac6/SystemWorkbench.app/Contents/Eclipse/plugins/fr.ac6.mcu.externaltools.arm-none.macos64_1.17.0.201812190825/tools/compiler/bin/../lib/gcc/arm-none-eabi/7.3.1/../../../../arm-none-eabi/lib/thumb/v7e-m/libc.a(lib_a-closer.o)
                0x000000000800498c                _close_r
 .text.quorem   0x00000000080049b0      0x124 /Applications/Ac6/SystemWorkbench.app/Contents/Eclipse/plugins/fr.ac6.mcu.externaltools.arm-none.macos64_1.17.0.201812190825/tools/compiler/bin/../lib/gcc/arm-none-eabi/7.3.1/../../../../arm-none-eabi/lib/thumb/v7e-m/libc.a(lib_a-dtoa.o)
 *fill*         0x0000000008004ad4        0x4 
 .text._dtoa_r  0x0000000008004ad8      0xdf0 /Applications/Ac6/SystemWorkbench.app/Contents/Eclipse/plugins/fr.ac6.mcu.externaltools.arm-none.macos64_1.17.0.201812190825/tools/compiler/bin/../lib/gcc/arm-none-eabi/7.3.1/../../../../arm-none-eabi/lib/thumb/v7e-m/libc.a(lib_a-dtoa.o)
                0x0000000008004ad8                _dtoa_r
 .text._fclose_r
                0x00000000080058c8       0xd0 /Applications/Ac6/SystemWorkbench.app/Contents/Eclipse/plugins/fr.ac6.mcu.externaltools.arm-none.macos64_1.17.0.201812190825/tools/compiler/bin/../lib/gcc/arm-none-eabi/7.3.1/../../../../arm-none-eabi/lib/thumb/v7e-m/libc.a(lib_a-fclose.o)
                0x00000000080058c8                _fclose_r
 .text.__sflush_r
                0x0000000008005998      0x154 /Applications/Ac6/SystemWorkbench.app/Contents/Eclipse/plugins/fr.ac6.mcu.externaltools.arm-none.macos64_1.17.0.201812190825/tools/compiler/bin/../lib/gcc/arm-none-eabi/7.3.1/../../../../arm-none-eabi/lib/thumb/v7e-m/libc.a(lib_a-fflush.o)
                0x0000000008005998                __sflush_r
 .text._fflush_r
                0x0000000008005aec       0x5c /Applications/Ac6/SystemWorkbench.app/Contents/Eclipse/plugins/fr.ac6.mcu.externaltools.arm-none.macos64_1.17.0.201812190825/tools/compiler/bin/../lib/gcc/arm-none-eabi/7.3.1/../../../../arm-none-eabi/lib/thumb/v7e-m/libc.a(lib_a-fflush.o)
                0x0000000008005aec                _fflush_r
 .text._malloc_trim_r
                0x0000000008005b48       0xa0 /Applications/Ac6/SystemWorkbench.app/Contents/Eclipse/plugins/fr.ac6.mcu.externaltools.arm-none.macos64_1.17.0.201812190825/tools/compiler/bin/../lib/gcc/arm-none-eabi/7.3.1/../../../../arm-none-eabi/lib/thumb/v7e-m/libc.a(lib_a-freer.o)
                0x0000000008005b48                _malloc_trim_r
 .text._free_r  0x0000000008005be8      0x1e8 /Applications/Ac6/SystemWorkbench.app/Contents/Eclipse/plugins/fr.ac6.mcu.externaltools.arm-none.macos64_1.17.0.201812190825/tools/compiler/bin/../lib/gcc/arm-none-eabi/7.3.1/../../../../arm-none-eabi/lib/thumb/v7e-m/libc.a(lib_a-freer.o)
                0x0000000008005be8                _free_r
 .text.__sfvwrite_r
                0x0000000008005dd0      0x2fc /Applications/Ac6/SystemWorkbench.app/Contents/Eclipse/plugins/fr.ac6.mcu.externaltools.arm-none.macos64_1.17.0.201812190825/tools/compiler/bin/../lib/gcc/arm-none-eabi/7.3.1/../../../../arm-none-eabi/lib/thumb/v7e-m/libc.a(lib_a-fvwrite.o)
                0x0000000008005dd0                __sfvwrite_r
 .text._localeconv_r
                0x00000000080060cc       0x1c /Applications/Ac6/SystemWorkbench.app/Contents/Eclipse/plugins/fr.ac6.mcu.externaltools.arm-none.macos64_1.17.0.201812190825/tools/compiler/bin/../lib/gcc/arm-none-eabi/7.3.1/../../../../arm-none-eabi/lib/thumb/v7e-m/libc.a(lib_a-localeconv.o)
                0x00000000080060cc                _localeconv_r
 .text._lseek_r
                0x00000000080060e8       0x2c /Applications/Ac6/SystemWorkbench.app/Contents/Eclipse/plugins/fr.ac6.mcu.externaltools.arm-none.macos64_1.17.0.201812190825/tools/compiler/bin/../lib/gcc/arm-none-eabi/7.3.1/../../../../arm-none-eabi/lib/thumb/v7e-m/libc.a(lib_a-lseekr.o)
                0x00000000080060e8                _lseek_r
 .text.__swhatbuf_r
                0x0000000008006114       0x5c /Applications/Ac6/SystemWorkbench.app/Contents/Eclipse/plugins/fr.ac6.mcu.externaltools.arm-none.macos64_1.17.0.201812190825/tools/compiler/bin/../lib/gcc/arm-none-eabi/7.3.1/../../../../arm-none-eabi/lib/thumb/v7e-m/libc.a(lib_a-makebuf.o)
                0x0000000008006114                __swhatbuf_r
 .text.__smakebuf_r
                0x0000000008006170       0x94 /Applications/Ac6/SystemWorkbench.app/Contents/Eclipse/plugins/fr.ac6.mcu.externaltools.arm-none.macos64_1.17.0.201812190825/tools/compiler/bin/../lib/gcc/arm-none-eabi/7.3.1/../../../../arm-none-eabi/lib/thumb/v7e-m/libc.a(lib_a-makebuf.o)
                0x0000000008006170                __smakebuf_r
 .text.memmove  0x0000000008006204       0xc8 /Applications/Ac6/SystemWorkbench.app/Contents/Eclipse/plugins/fr.ac6.mcu.externaltools.arm-none.macos64_1.17.0.201812190825/tools/compiler/bin/../lib/gcc/arm-none-eabi/7.3.1/../../../../arm-none-eabi/lib/thumb/v7e-m/libc.a(lib_a-memmove.o)
                0x0000000008006204                memmove
 .text._Balloc  0x00000000080062cc       0x4c /Applications/Ac6/SystemWorkbench.app/Contents/Eclipse/plugins/fr.ac6.mcu.externaltools.arm-none.macos64_1.17.0.201812190825/tools/compiler/bin/../lib/gcc/arm-none-eabi/7.3.1/../../../../arm-none-eabi/lib/thumb/v7e-m/libc.a(lib_a-mprec.o)
                0x00000000080062cc                _Balloc
 .text._Bfree   0x0000000008006318       0x14 /Applications/Ac6/SystemWorkbench.app/Contents/Eclipse/plugins/fr.ac6.mcu.externaltools.arm-none.macos64_1.17.0.201812190825/tools/compiler/bin/../lib/gcc/arm-none-eabi/7.3.1/../../../../arm-none-eabi/lib/thumb/v7e-m/libc.a(lib_a-mprec.o)
                0x0000000008006318                _Bfree
 .text.__multadd
                0x000000000800632c       0x80 /Applications/Ac6/SystemWorkbench.app/Contents/Eclipse/plugins/fr.ac6.mcu.externaltools.arm-none.macos64_1.17.0.201812190825/tools/compiler/bin/../lib/gcc/arm-none-eabi/7.3.1/../../../../arm-none-eabi/lib/thumb/v7e-m/libc.a(lib_a-mprec.o)
                0x000000000800632c                __multadd
 .text.__hi0bits
                0x00000000080063ac       0x40 /Applications/Ac6/SystemWorkbench.app/Contents/Eclipse/plugins/fr.ac6.mcu.externaltools.arm-none.macos64_1.17.0.201812190825/tools/compiler/bin/../lib/gcc/arm-none-eabi/7.3.1/../../../../arm-none-eabi/lib/thumb/v7e-m/libc.a(lib_a-mprec.o)
                0x00000000080063ac                __hi0bits
 .text.__lo0bits
                0x00000000080063ec       0x60 /Applications/Ac6/SystemWorkbench.app/Contents/Eclipse/plugins/fr.ac6.mcu.externaltools.arm-none.macos64_1.17.0.201812190825/tools/compiler/bin/../lib/gcc/arm-none-eabi/7.3.1/../../../../arm-none-eabi/lib/thumb/v7e-m/libc.a(lib_a-mprec.o)
                0x00000000080063ec                __lo0bits
 .text.__i2b    0x000000000800644c       0x14 /Applications/Ac6/SystemWorkbench.app/Contents/Eclipse/plugins/fr.ac6.mcu.externaltools.arm-none.macos64_1.17.0.201812190825/tools/compiler/bin/../lib/gcc/arm-none-eabi/7.3.1/../../../../arm-none-eabi/lib/thumb/v7e-m/libc.a(lib_a-mprec.o)
                0x000000000800644c                __i2b
 .text.__multiply
                0x0000000008006460      0x14c /Applications/Ac6/SystemWorkbench.app/Contents/Eclipse/plugins/fr.ac6.mcu.externaltools.arm-none.macos64_1.17.0.201812190825/tools/compiler/bin/../lib/gcc/arm-none-eabi/7.3.1/../../../../arm-none-eabi/lib/thumb/v7e-m/libc.a(lib_a-mprec.o)
                0x0000000008006460                __multiply
 .text.__pow5mult
                0x00000000080065ac       0xa0 /Applications/Ac6/SystemWorkbench.app/Contents/Eclipse/plugins/fr.ac6.mcu.externaltools.arm-none.macos64_1.17.0.201812190825/tools/compiler/bin/../lib/gcc/arm-none-eabi/7.3.1/../../../../arm-none-eabi/lib/thumb/v7e-m/libc.a(lib_a-mprec.o)
                0x00000000080065ac                __pow5mult
 .text.__lshift
                0x000000000800664c       0xac /Applications/Ac6/SystemWorkbench.app/Contents/Eclipse/plugins/fr.ac6.mcu.externaltools.arm-none.macos64_1.17.0.201812190825/tools/compiler/bin/../lib/gcc/arm-none-eabi/7.3.1/../../../../arm-none-eabi/lib/thumb/v7e-m/libc.a(lib_a-mprec.o)
                0x000000000800664c                __lshift
 .text.__mcmp   0x00000000080066f8       0x38 /Applications/Ac6/SystemWorkbench.app/Contents/Eclipse/plugins/fr.ac6.mcu.externaltools.arm-none.macos64_1.17.0.201812190825/tools/compiler/bin/../lib/gcc/arm-none-eabi/7.3.1/../../../../arm-none-eabi/lib/thumb/v7e-m/libc.a(lib_a-mprec.o)
                0x00000000080066f8                __mcmp
 .text.__mdiff  0x0000000008006730       0xec /Applications/Ac6/SystemWorkbench.app/Contents/Eclipse/plugins/fr.ac6.mcu.externaltools.arm-none.macos64_1.17.0.201812190825/tools/compiler/bin/../lib/gcc/arm-none-eabi/7.3.1/../../../../arm-none-eabi/lib/thumb/v7e-m/libc.a(lib_a-mprec.o)
                0x0000000008006730                __mdiff
 .text.__d2b    0x000000000800681c       0xb0 /Applications/Ac6/SystemWorkbench.app/Contents/Eclipse/plugins/fr.ac6.mcu.externaltools.arm-none.macos64_1.17.0.201812190825/tools/compiler/bin/../lib/gcc/arm-none-eabi/7.3.1/../../../../arm-none-eabi/lib/thumb/v7e-m/libc.a(lib_a-mprec.o)
                0x000000000800681c                __d2b
 .text._read_r  0x00000000080068cc       0x2c /Applications/Ac6/SystemWorkbench.app/Contents/Eclipse/plugins/fr.ac6.mcu.externaltools.arm-none.macos64_1.17.0.201812190825/tools/compiler/bin/../lib/gcc/arm-none-eabi/7.3.1/../../../../arm-none-eabi/lib/thumb/v7e-m/libc.a(lib_a-readr.o)
                0x00000000080068cc                _read_r
 .text._realloc_r
                0x00000000080068f8      0x35c /Applications/Ac6/SystemWorkbench.app/Contents/Eclipse/plugins/fr.ac6.mcu.externaltools.arm-none.macos64_1.17.0.201812190825/tools/compiler/bin/../lib/gcc/arm-none-eabi/7.3.1/../../../../arm-none-eabi/lib/thumb/v7e-m/libc.a(lib_a-reallocr.o)
                0x00000000080068f8                _realloc_r
 .text.frexp    0x0000000008006c54       0x64 /Applications/Ac6/SystemWorkbench.app/Contents/Eclipse/plugins/fr.ac6.mcu.externaltools.arm-none.macos64_1.17.0.201812190825/tools/compiler/bin/../lib/gcc/arm-none-eabi/7.3.1/../../../../arm-none-eabi/lib/thumb/v7e-m/libc.a(lib_a-s_frexp.o)
                0x0000000008006c54                frexp
 .text.strncpy  0x0000000008006cb8       0x64 /Applications/Ac6/SystemWorkbench.app/Contents/Eclipse/plugins/fr.ac6.mcu.externaltools.arm-none.macos64_1.17.0.201812190825/tools/compiler/bin/../lib/gcc/arm-none-eabi/7.3.1/../../../../arm-none-eabi/lib/thumb/v7e-m/libc.a(lib_a-strncpy.o)
                0x0000000008006cb8                strncpy
 .text.__sprint_r.part.0
                0x0000000008006d1c       0x78 /Applications/Ac6/SystemWorkbench.app/Contents/Eclipse/plugins/fr.ac6.mcu.externaltools.arm-none.macos64_1.17.0.201812190825/tools/compiler/bin/../lib/gcc/arm-none-eabi/7.3.1/../../../../arm-none-eabi/lib/thumb/v7e-m/libc.a(lib_a-vfiprintf.o)
 .text.__sprint_r
                0x0000000008006d94       0x14 /Applications/Ac6/SystemWorkbench.app/Contents/Eclipse/plugins/fr.ac6.mcu.externaltools.arm-none.macos64_1.17.0.201812190825/tools/compiler/bin/../lib/gcc/arm-none-eabi/7.3.1/../../../../arm-none-eabi/lib/thumb/v7e-m/libc.a(lib_a-vfiprintf.o)
                0x0000000008006d94                __sprint_r
 .text._calloc_r
                0x0000000008006da8       0x68 /Applications/Ac6/SystemWorkbench.app/Contents/Eclipse/plugins/fr.ac6.mcu.externaltools.arm-none.macos64_1.17.0.201812190825/tools/compiler/bin/../lib/gcc/arm-none-eabi/7.3.1/../../../../arm-none-eabi/lib/thumb/v7e-m/libc.a(lib_a-callocr.o)
                0x0000000008006da8                _calloc_r
 .text.__fputwc
                0x0000000008006e10       0xa0 /Applications/Ac6/SystemWorkbench.app/Contents/Eclipse/plugins/fr.ac6.mcu.externaltools.arm-none.macos64_1.17.0.201812190825/tools/compiler/bin/../lib/gcc/arm-none-eabi/7.3.1/../../../../arm-none-eabi/lib/thumb/v7e-m/libc.a(lib_a-fputwc.o)
                0x0000000008006e10                __fputwc
 .text._fputwc_r
                0x0000000008006eb0       0x64 /Applications/Ac6/SystemWorkbench.app/Contents/Eclipse/plugins/fr.ac6.mcu.externaltools.arm-none.macos64_1.17.0.201812190825/tools/compiler/bin/../lib/gcc/arm-none-eabi/7.3.1/../../../../arm-none-eabi/lib/thumb/v7e-m/libc.a(lib_a-fputwc.o)
                0x0000000008006eb0                _fputwc_r
 .text._fstat_r
                0x0000000008006f14       0x28 /Applications/Ac6/SystemWorkbench.app/Contents/Eclipse/plugins/fr.ac6.mcu.externaltools.arm-none.macos64_1.17.0.201812190825/tools/compiler/bin/../lib/gcc/arm-none-eabi/7.3.1/../../../../arm-none-eabi/lib/thumb/v7e-m/libc.a(lib_a-fstatr.o)
                0x0000000008006f14                _fstat_r
 .text._isatty_r
                0x0000000008006f3c       0x24 /Applications/Ac6/SystemWorkbench.app/Contents/Eclipse/plugins/fr.ac6.mcu.externaltools.arm-none.macos64_1.17.0.201812190825/tools/compiler/bin/../lib/gcc/arm-none-eabi/7.3.1/../../../../arm-none-eabi/lib/thumb/v7e-m/libc.a(lib_a-isattyr.o)
                0x0000000008006f3c                _isatty_r
 .text.__locale_mb_cur_max
                0x0000000008006f60       0x1c /Applications/Ac6/SystemWorkbench.app/Contents/Eclipse/plugins/fr.ac6.mcu.externaltools.arm-none.macos64_1.17.0.201812190825/tools/compiler/bin/../lib/gcc/arm-none-eabi/7.3.1/../../../../arm-none-eabi/lib/thumb/v7e-m/libc.a(lib_a-locale.o)
                0x0000000008006f60                __locale_mb_cur_max
 .text.__ascii_mbtowc
                0x0000000008006f7c       0x2c /Applications/Ac6/SystemWorkbench.app/Contents/Eclipse/plugins/fr.ac6.mcu.externaltools.arm-none.macos64_1.17.0.201812190825/tools/compiler/bin/../lib/gcc/arm-none-eabi/7.3.1/../../../../arm-none-eabi/lib/thumb/v7e-m/libc.a(lib_a-mbtowc_r.o)
                0x0000000008006f7c                __ascii_mbtowc
 .text.__swbuf_r
                0x0000000008006fa8       0xb0 /Applications/Ac6/SystemWorkbench.app/Contents/Eclipse/plugins/fr.ac6.mcu.externaltools.arm-none.macos64_1.17.0.201812190825/tools/compiler/bin/../lib/gcc/arm-none-eabi/7.3.1/../../../../arm-none-eabi/lib/thumb/v7e-m/libc.a(lib_a-wbuf.o)
                0x0000000008006fa8                __swbuf_r
 .text._wcrtomb_r
                0x0000000008007058       0x50 /Applications/Ac6/SystemWorkbench.app/Contents/Eclipse/plugins/fr.ac6.mcu.externaltools.arm-none.macos64_1.17.0.201812190825/tools/compiler/bin/../lib/gcc/arm-none-eabi/7.3.1/../../../../arm-none-eabi/lib/thumb/v7e-m/libc.a(lib_a-wcrtomb.o)
                0x0000000008007058                _wcrtomb_r
 .text.__ascii_wctomb
                0x00000000080070a8       0x1c /Applications/Ac6/SystemWorkbench.app/Contents/Eclipse/plugins/fr.ac6.mcu.externaltools.arm-none.macos64_1.17.0.201812190825/tools/compiler/bin/../lib/gcc/arm-none-eabi/7.3.1/../../../../arm-none-eabi/lib/thumb/v7e-m/libc.a(lib_a-wctomb_r.o)
                0x00000000080070a8                __ascii_wctomb
 *(.glue_7)
 .glue_7        0x00000000080070c4        0x0 linker stubs
 *(.glue_7t)
 .glue_7t       0x00000000080070c4        0x0 linker stubs
 *(.eh_frame)
 .eh_frame      0x00000000080070c4        0x0 /Applications/Ac6/SystemWorkbench.app/Contents/Eclipse/plugins/fr.ac6.mcu.externaltools.arm-none.macos64_1.17.0.201812190825/tools/compiler/bin/../lib/gcc/arm-none-eabi/7.3.1/thumb/v7e-m/crtbegin.o
 *(.init)
 .init          0x00000000080070c4        0x4 /Applications/Ac6/SystemWorkbench.app/Contents/Eclipse/plugins/fr.ac6.mcu.externaltools.arm-none.macos64_1.17.0.201812190825/tools/compiler/bin/../lib/gcc/arm-none-eabi/7.3.1/thumb/v7e-m/crti.o
                0x00000000080070c4                _init
 .init          0x00000000080070c8        0x8 /Applications/Ac6/SystemWorkbench.app/Contents/Eclipse/plugins/fr.ac6.mcu.externaltools.arm-none.macos64_1.17.0.201812190825/tools/compiler/bin/../lib/gcc/arm-none-eabi/7.3.1/thumb/v7e-m/crtn.o
 *(.fini)
 .fini          0x00000000080070d0        0x4 /Applications/Ac6/SystemWorkbench.app/Contents/Eclipse/plugins/fr.ac6.mcu.externaltools.arm-none.macos64_1.17.0.201812190825/tools/compiler/bin/../lib/gcc/arm-none-eabi/7.3.1/thumb/v7e-m/crti.o
                0x00000000080070d0                _fini
 .fini          0x00000000080070d4        0x8 /Applications/Ac6/SystemWorkbench.app/Contents/Eclipse/plugins/fr.ac6.mcu.externaltools.arm-none.macos64_1.17.0.201812190825/tools/compiler/bin/../lib/gcc/arm-none-eabi/7.3.1/thumb/v7e-m/crtn.o
                0x00000000080070dc                . = ALIGN (0x4)
                0x00000000080070dc                _etext = .

.vfp11_veneer   0x00000000080070dc        0x0
 .vfp11_veneer  0x00000000080070dc        0x0 linker stubs

.v4_bx          0x00000000080070dc        0x0
 .v4_bx         0x00000000080070dc        0x0 linker stubs

.iplt           0x00000000080070dc        0x0
 .iplt          0x00000000080070dc        0x0 /Applications/Ac6/SystemWorkbench.app/Contents/Eclipse/plugins/fr.ac6.mcu.externaltools.arm-none.macos64_1.17.0.201812190825/tools/compiler/bin/../lib/gcc/arm-none-eabi/7.3.1/thumb/v7e-m/crtbegin.o

.rodata         0x00000000080070e0      0x368
                0x00000000080070e0                . = ALIGN (0x4)
 *(.rodata)
 .rodata        0x00000000080070e0       0xbb src/008spi_cmd_handling.o
 *(.rodata*)
 *fill*         0x000000000800719b        0x1 
 .rodata._global_impure_ptr
                0x000000000800719c        0x4 /Applications/Ac6/SystemWorkbench.app/Contents/Eclipse/plugins/fr.ac6.mcu.externaltools.arm-none.macos64_1.17.0.201812190825/tools/compiler/bin/../lib/gcc/arm-none-eabi/7.3.1/../../../../arm-none-eabi/lib/thumb/v7e-m/libc.a(lib_a-impure.o)
                0x000000000800719c                _global_impure_ptr
 .rodata._get_semihosting_exts.str1.4
                0x00000000080071a0       0x16 /Applications/Ac6/SystemWorkbench.app/Contents/Eclipse/plugins/fr.ac6.mcu.externaltools.arm-none.macos64_1.17.0.201812190825/tools/compiler/bin/../lib/gcc/arm-none-eabi/7.3.1/../../../../arm-none-eabi/lib/thumb/v7e-m/librdimon.a(rdimon-syscalls.o)
 *fill*         0x00000000080071b6        0x2 
 .rodata.initialise_monitor_handles.str1.4
                0x00000000080071b8        0x4 /Applications/Ac6/SystemWorkbench.app/Contents/Eclipse/plugins/fr.ac6.mcu.externaltools.arm-none.macos64_1.17.0.201812190825/tools/compiler/bin/../lib/gcc/arm-none-eabi/7.3.1/../../../../arm-none-eabi/lib/thumb/v7e-m/librdimon.a(rdimon-syscalls.o)
 .rodata._puts_r.str1.4
                0x00000000080071bc        0x2 /Applications/Ac6/SystemWorkbench.app/Contents/Eclipse/plugins/fr.ac6.mcu.externaltools.arm-none.macos64_1.17.0.201812190825/tools/compiler/bin/../lib/gcc/arm-none-eabi/7.3.1/../../../../arm-none-eabi/lib/thumb/v7e-m/libc.a(lib_a-puts.o)
 *fill*         0x00000000080071be        0x2 
 .rodata._vfprintf_r.str1.4
                0x00000000080071c0       0x42 /Applications/Ac6/SystemWorkbench.app/Contents/Eclipse/plugins/fr.ac6.mcu.externaltools.arm-none.macos64_1.17.0.201812190825/tools/compiler/bin/../lib/gcc/arm-none-eabi/7.3.1/../../../../arm-none-eabi/lib/thumb/v7e-m/libc.a(lib_a-vfprintf.o)
 *fill*         0x0000000008007202        0x2 
 .rodata.blanks.7330
                0x0000000008007204       0x10 /Applications/Ac6/SystemWorkbench.app/Contents/Eclipse/plugins/fr.ac6.mcu.externaltools.arm-none.macos64_1.17.0.201812190825/tools/compiler/bin/../lib/gcc/arm-none-eabi/7.3.1/../../../../arm-none-eabi/lib/thumb/v7e-m/libc.a(lib_a-vfprintf.o)
 .rodata.zeroes.7331
                0x0000000008007214       0x10 /Applications/Ac6/SystemWorkbench.app/Contents/Eclipse/plugins/fr.ac6.mcu.externaltools.arm-none.macos64_1.17.0.201812190825/tools/compiler/bin/../lib/gcc/arm-none-eabi/7.3.1/../../../../arm-none-eabi/lib/thumb/v7e-m/libc.a(lib_a-vfprintf.o)
 .rodata._dtoa_r.str1.4
                0x0000000008007224       0x10 /Applications/Ac6/SystemWorkbench.app/Contents/Eclipse/plugins/fr.ac6.mcu.externaltools.arm-none.macos64_1.17.0.201812190825/tools/compiler/bin/../lib/gcc/arm-none-eabi/7.3.1/../../../../arm-none-eabi/lib/thumb/v7e-m/libc.a(lib_a-dtoa.o)
                                         0x12 (size before relaxing)
 *fill*         0x0000000008007234        0x4 
 .rodata.__mprec_bigtens
                0x0000000008007238       0x28 /Applications/Ac6/SystemWorkbench.app/Contents/Eclipse/plugins/fr.ac6.mcu.externaltools.arm-none.macos64_1.17.0.201812190825/tools/compiler/bin/../lib/gcc/arm-none-eabi/7.3.1/../../../../arm-none-eabi/lib/thumb/v7e-m/libc.a(lib_a-mprec.o)
                0x0000000008007238                __mprec_bigtens
 .rodata.__mprec_tens
                0x0000000008007260       0xc8 /Applications/Ac6/SystemWorkbench.app/Contents/Eclipse/plugins/fr.ac6.mcu.externaltools.arm-none.macos64_1.17.0.201812190825/tools/compiler/bin/../lib/gcc/arm-none-eabi/7.3.1/../../../../arm-none-eabi/lib/thumb/v7e-m/libc.a(lib_a-mprec.o)
                0x0000000008007260                __mprec_tens
 .rodata.p05.6092
                0x0000000008007328        0xc /Applications/Ac6/SystemWorkbench.app/Contents/Eclipse/plugins/fr.ac6.mcu.externaltools.arm-none.macos64_1.17.0.201812190825/tools/compiler/bin/../lib/gcc/arm-none-eabi/7.3.1/../../../../arm-none-eabi/lib/thumb/v7e-m/libc.a(lib_a-mprec.o)
 .rodata._setlocale_r.str1.4
                0x0000000008007334        0xa /Applications/Ac6/SystemWorkbench.app/Contents/Eclipse/plugins/fr.ac6.mcu.externaltools.arm-none.macos64_1.17.0.201812190825/tools/compiler/bin/../lib/gcc/arm-none-eabi/7.3.1/../../../../arm-none-eabi/lib/thumb/v7e-m/libc.a(lib_a-locale.o)
                                          0xd (size before relaxing)
 *fill*         0x000000000800733e        0x2 
 .rodata.str1.4
                0x0000000008007340        0x4 /Applications/Ac6/SystemWorkbench.app/Contents/Eclipse/plugins/fr.ac6.mcu.externaltools.arm-none.macos64_1.17.0.201812190825/tools/compiler/bin/../lib/gcc/arm-none-eabi/7.3.1/../../../../arm-none-eabi/lib/thumb/v7e-m/libc.a(lib_a-locale.o)
                                          0x2 (size before relaxing)
 .rodata._ctype_
                0x0000000008007344      0x101 /Applications/Ac6/SystemWorkbench.app/Contents/Eclipse/plugins/fr.ac6.mcu.externaltools.arm-none.macos64_1.17.0.201812190825/tools/compiler/bin/../lib/gcc/arm-none-eabi/7.3.1/../../../../arm-none-eabi/lib/thumb/v7e-m/libc.a(lib_a-ctype_.o)
                0x0000000008007344                _ctype_
                0x0000000008007448                . = ALIGN (0x4)
 *fill*         0x0000000008007445        0x3 

.ARM.extab      0x0000000008007448        0x0
                0x0000000008007448                . = ALIGN (0x4)
 *(.ARM.extab* .gnu.linkonce.armextab.*)
                0x0000000008007448                . = ALIGN (0x4)

.ARM            0x0000000008007448        0x8
                0x0000000008007448                . = ALIGN (0x4)
                0x0000000008007448                __exidx_start = .
 *(.ARM.exidx*)
 .ARM.exidx     0x0000000008007448        0x8 /Applications/Ac6/SystemWorkbench.app/Contents/Eclipse/plugins/fr.ac6.mcu.externaltools.arm-none.macos64_1.17.0.201812190825/tools/compiler/bin/../lib/gcc/arm-none-eabi/7.3.1/thumb/v7e-m/libgcc.a(_udivmoddi4.o)
                0x0000000008007450                __exidx_end = .
                0x0000000008007450                . = ALIGN (0x4)

.rel.dyn        0x0000000008007450        0x0
 .rel.iplt      0x0000000008007450        0x0 /Applications/Ac6/SystemWorkbench.app/Contents/Eclipse/plugins/fr.ac6.mcu.externaltools.arm-none.macos64_1.17.0.201812190825/tools/compiler/bin/../lib/gcc/arm-none-eabi/7.3.1/thumb/v7e-m/crtbegin.o

.preinit_array  0x0000000008007450        0x0
                0x0000000008007450                . = ALIGN (0x4)
                0x0000000008007450                PROVIDE (__preinit_array_start = .)
 *(.preinit_array*)
                0x0000000008007450                PROVIDE (__preinit_array_end = .)
                0x0000000008007450                . = ALIGN (0x4)

.init_array     0x0000000008007450        0x8
                0x0000000008007450                . = ALIGN (0x4)
                0x0000000008007450                PROVIDE (__init_array_start = .)
 *(SORT_BY_NAME(.init_array.*))
 .init_array.00000
                0x0000000008007450        0x4 /Applications/Ac6/SystemWorkbench.app/Contents/Eclipse/plugins/fr.ac6.mcu.externaltools.arm-none.macos64_1.17.0.201812190825/tools/compiler/bin/../lib/gcc/arm-none-eabi/7.3.1/../../../../arm-none-eabi/lib/thumb/v7e-m/libc.a(lib_a-__call_atexit.o)
 *(.init_array*)
 .init_array    0x0000000008007454        0x4 /Applications/Ac6/SystemWorkbench.app/Contents/Eclipse/plugins/fr.ac6.mcu.externaltools.arm-none.macos64_1.17.0.201812190825/tools/compiler/bin/../lib/gcc/arm-none-eabi/7.3.1/thumb/v7e-m/crtbegin.o
                0x0000000008007458                PROVIDE (__init_array_end = .)
                0x0000000008007458                . = ALIGN (0x4)

.fini_array     0x0000000008007458        0x4
                0x0000000008007458                . = ALIGN (0x4)
                0x0000000008007458                PROVIDE (__fini_array_start = .)
 *(SORT_BY_NAME(.fini_array.*))
 *(.fini_array*)
 .fini_array    0x0000000008007458        0x4 /Applications/Ac6/SystemWorkbench.app/Contents/Eclipse/plugins/fr.ac6.mcu.externaltools.arm-none.macos64_1.17.0.201812190825/tools/compiler/bin/../lib/gcc/arm-none-eabi/7.3.1/thumb/v7e-m/crtbegin.o
                0x000000000800745c                PROVIDE (__fini_array_end = .)
                0x000000000800745c                . = ALIGN (0x4)
                0x000000000800745c                _sidata = LOADADDR (.data)

.data           0x0000000020000000      0x9bc load address 0x000000000800745c
                0x0000000020000000                . = ALIGN (0x4)
                0x0000000020000000                _sdata = .
 *(.data)
 *(.data*)
 .data._impure_ptr
                0x0000000020000000        0x4 /Applications/Ac6/SystemWorkbench.app/Contents/Eclipse/plugins/fr.ac6.mcu.externaltools.arm-none.macos64_1.17.0.201812190825/tools/compiler/bin/../lib/gcc/arm-none-eabi/7.3.1/../../../../arm-none-eabi/lib/thumb/v7e-m/libc.a(lib_a-impure.o)
                0x0000000020000000                _impure_ptr
 *fill*         0x0000000020000004        0x4 
 .data.impure_data
                0x0000000020000008      0x428 /Applications/Ac6/SystemWorkbench.app/Contents/Eclipse/plugins/fr.ac6.mcu.externaltools.arm-none.macos64_1.17.0.201812190825/tools/compiler/bin/../lib/gcc/arm-none-eabi/7.3.1/../../../../arm-none-eabi/lib/thumb/v7e-m/libc.a(lib_a-impure.o)
 .data.__atexit_recursive_mutex
                0x0000000020000430        0x4 /Applications/Ac6/SystemWorkbench.app/Contents/Eclipse/plugins/fr.ac6.mcu.externaltools.arm-none.macos64_1.17.0.201812190825/tools/compiler/bin/../lib/gcc/arm-none-eabi/7.3.1/../../../../arm-none-eabi/lib/thumb/v7e-m/libc.a(lib_a-__call_atexit.o)
                0x0000000020000430                __atexit_recursive_mutex
 .data.__heap_limit
                0x0000000020000434        0x4 /Applications/Ac6/SystemWorkbench.app/Contents/Eclipse/plugins/fr.ac6.mcu.externaltools.arm-none.macos64_1.17.0.201812190825/tools/compiler/bin/../lib/gcc/arm-none-eabi/7.3.1/../../../../arm-none-eabi/lib/thumb/v7e-m/librdimon.a(rdimon-syscalls.o)
                0x0000000020000434                __heap_limit
 .data.supports_ext_exit_extended
                0x0000000020000438        0x4 /Applications/Ac6/SystemWorkbench.app/Contents/Eclipse/plugins/fr.ac6.mcu.externaltools.arm-none.macos64_1.17.0.201812190825/tools/compiler/bin/../lib/gcc/arm-none-eabi/7.3.1/../../../../arm-none-eabi/lib/thumb/v7e-m/librdimon.a(rdimon-syscalls.o)
 .data.supports_ext_stdout_stderr
                0x000000002000043c        0x4 /Applications/Ac6/SystemWorkbench.app/Contents/Eclipse/plugins/fr.ac6.mcu.externaltools.arm-none.macos64_1.17.0.201812190825/tools/compiler/bin/../lib/gcc/arm-none-eabi/7.3.1/../../../../arm-none-eabi/lib/thumb/v7e-m/librdimon.a(rdimon-syscalls.o)
 .data.__malloc_av_
                0x0000000020000440      0x408 /Applications/Ac6/SystemWorkbench.app/Contents/Eclipse/plugins/fr.ac6.mcu.externaltools.arm-none.macos64_1.17.0.201812190825/tools/compiler/bin/../lib/gcc/arm-none-eabi/7.3.1/../../../../arm-none-eabi/lib/thumb/v7e-m/libc.a(lib_a-mallocr.o)
                0x0000000020000440                __malloc_av_
 .data.__malloc_sbrk_base
                0x0000000020000848        0x4 /Applications/Ac6/SystemWorkbench.app/Contents/Eclipse/plugins/fr.ac6.mcu.externaltools.arm-none.macos64_1.17.0.201812190825/tools/compiler/bin/../lib/gcc/arm-none-eabi/7.3.1/../../../../arm-none-eabi/lib/thumb/v7e-m/libc.a(lib_a-mallocr.o)
                0x0000000020000848                __malloc_sbrk_base
 .data.__malloc_trim_threshold
                0x000000002000084c        0x4 /Applications/Ac6/SystemWorkbench.app/Contents/Eclipse/plugins/fr.ac6.mcu.externaltools.arm-none.macos64_1.17.0.201812190825/tools/compiler/bin/../lib/gcc/arm-none-eabi/7.3.1/../../../../arm-none-eabi/lib/thumb/v7e-m/libc.a(lib_a-mallocr.o)
                0x000000002000084c                __malloc_trim_threshold
 .data.__global_locale
                0x0000000020000850      0x16c /Applications/Ac6/SystemWorkbench.app/Contents/Eclipse/plugins/fr.ac6.mcu.externaltools.arm-none.macos64_1.17.0.201812190825/tools/compiler/bin/../lib/gcc/arm-none-eabi/7.3.1/../../../../arm-none-eabi/lib/thumb/v7e-m/libc.a(lib_a-locale.o)
                0x0000000020000850                __global_locale
                0x00000000200009bc                . = ALIGN (0x4)
                0x00000000200009bc                _edata = .

.igot.plt       0x00000000200009bc        0x0 load address 0x0000000008007e18
 .igot.plt      0x00000000200009bc        0x0 /Applications/Ac6/SystemWorkbench.app/Contents/Eclipse/plugins/fr.ac6.mcu.externaltools.arm-none.macos64_1.17.0.201812190825/tools/compiler/bin/../lib/gcc/arm-none-eabi/7.3.1/thumb/v7e-m/crtbegin.o
                0x00000000200009bc                . = ALIGN (0x4)

.bss            0x00000000200009bc      0x128 load address 0x0000000008007e18
                0x00000000200009bc                _sbss = .
                0x00000000200009bc                __bss_start__ = _sbss
 *(.bss)
 .bss           0x00000000200009bc       0x1c /Applications/Ac6/SystemWorkbench.app/Contents/Eclipse/plugins/fr.ac6.mcu.externaltools.arm-none.macos64_1.17.0.201812190825/tools/compiler/bin/../lib/gcc/arm-none-eabi/7.3.1/thumb/v7e-m/crtbegin.o
 *(.bss*)
 .bss.heap_end.6260
                0x00000000200009d8        0x4 /Applications/Ac6/SystemWorkbench.app/Contents/Eclipse/plugins/fr.ac6.mcu.externaltools.arm-none.macos64_1.17.0.201812190825/tools/compiler/bin/../lib/gcc/arm-none-eabi/7.3.1/../../../../arm-none-eabi/lib/thumb/v7e-m/librdimon.a(rdimon-syscalls.o)
 .bss.monitor_stderr
                0x00000000200009dc        0x4 /Applications/Ac6/SystemWorkbench.app/Contents/Eclipse/plugins/fr.ac6.mcu.externaltools.arm-none.macos64_1.17.0.201812190825/tools/compiler/bin/../lib/gcc/arm-none-eabi/7.3.1/../../../../arm-none-eabi/lib/thumb/v7e-m/librdimon.a(rdimon-syscalls.o)
 .bss.monitor_stdin
                0x00000000200009e0        0x4 /Applications/Ac6/SystemWorkbench.app/Contents/Eclipse/plugins/fr.ac6.mcu.externaltools.arm-none.macos64_1.17.0.201812190825/tools/compiler/bin/../lib/gcc/arm-none-eabi/7.3.1/../../../../arm-none-eabi/lib/thumb/v7e-m/librdimon.a(rdimon-syscalls.o)
 .bss.monitor_stdout
                0x00000000200009e4        0x4 /Applications/Ac6/SystemWorkbench.app/Contents/Eclipse/plugins/fr.ac6.mcu.externaltools.arm-none.macos64_1.17.0.201812190825/tools/compiler/bin/../lib/gcc/arm-none-eabi/7.3.1/../../../../arm-none-eabi/lib/thumb/v7e-m/librdimon.a(rdimon-syscalls.o)
 .bss.openfiles
                0x00000000200009e8       0xa0 /Applications/Ac6/SystemWorkbench.app/Contents/Eclipse/plugins/fr.ac6.mcu.externaltools.arm-none.macos64_1.17.0.201812190825/tools/compiler/bin/../lib/gcc/arm-none-eabi/7.3.1/../../../../arm-none-eabi/lib/thumb/v7e-m/librdimon.a(rdimon-syscalls.o)
 .bss.__malloc_current_mallinfo
                0x0000000020000a88       0x28 /Applications/Ac6/SystemWorkbench.app/Contents/Eclipse/plugins/fr.ac6.mcu.externaltools.arm-none.macos64_1.17.0.201812190825/tools/compiler/bin/../lib/gcc/arm-none-eabi/7.3.1/../../../../arm-none-eabi/lib/thumb/v7e-m/libc.a(lib_a-mallocr.o)
                0x0000000020000a88                __malloc_current_mallinfo
 .bss.__malloc_max_sbrked_mem
                0x0000000020000ab0        0x4 /Applications/Ac6/SystemWorkbench.app/Contents/Eclipse/plugins/fr.ac6.mcu.externaltools.arm-none.macos64_1.17.0.201812190825/tools/compiler/bin/../lib/gcc/arm-none-eabi/7.3.1/../../../../arm-none-eabi/lib/thumb/v7e-m/libc.a(lib_a-mallocr.o)
                0x0000000020000ab0                __malloc_max_sbrked_mem
 .bss.__malloc_max_total_mem
                0x0000000020000ab4        0x4 /Applications/Ac6/SystemWorkbench.app/Contents/Eclipse/plugins/fr.ac6.mcu.externaltools.arm-none.macos64_1.17.0.201812190825/tools/compiler/bin/../lib/gcc/arm-none-eabi/7.3.1/../../../../arm-none-eabi/lib/thumb/v7e-m/libc.a(lib_a-mallocr.o)
                0x0000000020000ab4                __malloc_max_total_mem
 .bss.__malloc_top_pad
                0x0000000020000ab8        0x4 /Applications/Ac6/SystemWorkbench.app/Contents/Eclipse/plugins/fr.ac6.mcu.externaltools.arm-none.macos64_1.17.0.201812190825/tools/compiler/bin/../lib/gcc/arm-none-eabi/7.3.1/../../../../arm-none-eabi/lib/thumb/v7e-m/libc.a(lib_a-mallocr.o)
                0x0000000020000ab8                __malloc_top_pad
 *(COMMON)
 COMMON         0x0000000020000abc       0x21 /Applications/Ac6/SystemWorkbench.app/Contents/Eclipse/plugins/fr.ac6.mcu.externaltools.arm-none.macos64_1.17.0.201812190825/tools/compiler/bin/../lib/gcc/arm-none-eabi/7.3.1/../../../../arm-none-eabi/lib/thumb/v7e-m/libc.a(lib_a-lock.o)
                0x0000000020000abc                __lock___atexit_recursive_mutex
                0x0000000020000ac0                __lock___arc4random_mutex
                0x0000000020000ac4                __lock___env_recursive_mutex
                0x0000000020000ac8                __lock___sinit_recursive_mutex
                0x0000000020000acc                __lock___malloc_recursive_mutex
                0x0000000020000ad0                __lock___at_quick_exit_mutex
                0x0000000020000ad4                __lock___dd_hash_mutex
                0x0000000020000ad8                __lock___tz_mutex
                0x0000000020000adc                __lock___sfp_recursive_mutex
 *fill*         0x0000000020000add        0x3 
 COMMON         0x0000000020000ae0        0x4 /Applications/Ac6/SystemWorkbench.app/Contents/Eclipse/plugins/fr.ac6.mcu.externaltools.arm-none.macos64_1.17.0.201812190825/tools/compiler/bin/../lib/gcc/arm-none-eabi/7.3.1/../../../../arm-none-eabi/lib/thumb/v7e-m/libc.a(lib_a-reent.o)
                0x0000000020000ae0                errno
                0x0000000020000ae4                . = ALIGN (0x4)
                0x0000000020000ae4                _ebss = .
                0x0000000020000ae4                __bss_end__ = _ebss

._user_heap_stack
                0x0000000020000ae4      0x404 load address 0x0000000008007e18
                0x0000000020000ae8                . = ALIGN (0x8)
 *fill*         0x0000000020000ae4        0x4 
                0x0000000020000ae8                PROVIDE (end = .)
                [!provide]                        PROVIDE (_end = .)
                0x0000000020000ae8                . = (. + _Min_Heap_Size)
                0x0000000020000ee8                . = (. + _Min_Stack_Size)
 *fill*         0x0000000020000ae8      0x400 
                0x0000000020000ee8                . = ALIGN (0x8)

/DISCARD/
 libc.a(*)
 libm.a(*)
 libgcc.a(*)

.ARM.attributes
                0x0000000000000000       0x2a
 *(.ARM.attributes)
 .ARM.attributes
                0x0000000000000000       0x1e /Applications/Ac6/SystemWorkbench.app/Contents/Eclipse/plugins/fr.ac6.mcu.externaltools.arm-none.macos64_1.17.0.201812190825/tools/compiler/bin/../lib/gcc/arm-none-eabi/7.3.1/thumb/v7e-m/crti.o
 .ARM.attributes
                0x000000000000001e       0x2e /Applications/Ac6/SystemWorkbench.app/Contents/Eclipse/plugins/fr.ac6.mcu.externaltools.arm-none.macos64_1.17.0.201812190825/tools/compiler/bin/../lib/gcc/arm-none-eabi/7.3.1/thumb/v7e-m/crtbegin.o
 .ARM.attributes
                0x000000000000004c       0x2e /Applications/Ac6/SystemWorkbench.app/Contents/Eclipse/plugins/fr.ac6.mcu.externaltools.arm-none.macos64_1.17.0.201812190825/tools/compiler/bin/../lib/gcc/arm-none-eabi/7.3.1/../../../../arm-none-eabi/lib/thumb/v7e-m/libc.a(lib_a-impure.o)
 .ARM.attributes
                0x000000000000007a       0x2e /Applications/Ac6/SystemWorkbench.app/Contents/Eclipse/plugins/fr.ac6.mcu.externaltools.arm-none.macos64_1.17.0.201812190825/tools/compiler/bin/../lib/gcc/arm-none-eabi/7.3.1/../../../../arm-none-eabi/lib/thumb/v7e-m/libc.a(lib_a-init.o)
 .ARM.attributes
                0x00000000000000a8       0x2e /Applications/Ac6/SystemWorkbench.app/Contents/Eclipse/plugins/fr.ac6.mcu.externaltools.arm-none.macos64_1.17.0.201812190825/tools/compiler/bin/../lib/gcc/arm-none-eabi/7.3.1/../../../../arm-none-eabi/lib/thumb/v7e-m/libc.a(lib_a-memset.o)
 .ARM.attributes
                0x00000000000000d6       0x2e /Applications/Ac6/SystemWorkbench.app/Contents/Eclipse/plugins/fr.ac6.mcu.externaltools.arm-none.macos64_1.17.0.201812190825/tools/compiler/bin/../lib/gcc/arm-none-eabi/7.3.1/../../../../arm-none-eabi/lib/thumb/v7e-m/libc.a(lib_a-__call_atexit.o)
 .ARM.attributes
                0x0000000000000104       0x2e /Applications/Ac6/SystemWorkbench.app/Contents/Eclipse/plugins/fr.ac6.mcu.externaltools.arm-none.macos64_1.17.0.201812190825/tools/compiler/bin/../lib/gcc/arm-none-eabi/7.3.1/../../../../arm-none-eabi/lib/thumb/v7e-m/libc.a(lib_a-atexit.o)
 .ARM.attributes
                0x0000000000000132       0x2e /Applications/Ac6/SystemWorkbench.app/Contents/Eclipse/plugins/fr.ac6.mcu.externaltools.arm-none.macos64_1.17.0.201812190825/tools/compiler/bin/../lib/gcc/arm-none-eabi/7.3.1/../../../../arm-none-eabi/lib/thumb/v7e-m/libc.a(lib_a-fini.o)
 .ARM.attributes
                0x0000000000000160       0x2e /Applications/Ac6/SystemWorkbench.app/Contents/Eclipse/plugins/fr.ac6.mcu.externaltools.arm-none.macos64_1.17.0.201812190825/tools/compiler/bin/../lib/gcc/arm-none-eabi/7.3.1/../../../../arm-none-eabi/lib/thumb/v7e-m/libc.a(lib_a-lock.o)
 .ARM.attributes
                0x000000000000018e       0x2e /Applications/Ac6/SystemWorkbench.app/Contents/Eclipse/plugins/fr.ac6.mcu.externaltools.arm-none.macos64_1.17.0.201812190825/tools/compiler/bin/../lib/gcc/arm-none-eabi/7.3.1/../../../../arm-none-eabi/lib/thumb/v7e-m/libc.a(lib_a-__atexit.o)
 .ARM.attributes
                0x00000000000001bc       0x2e /Applications/Ac6/SystemWorkbench.app/Contents/Eclipse/plugins/fr.ac6.mcu.externaltools.arm-none.macos64_1.17.0.201812190825/tools/compiler/bin/../lib/gcc/arm-none-eabi/7.3.1/../../../../arm-none-eabi/lib/thumb/v7e-m/librdimon.a(rdimon-syscalls.o)
 .ARM.attributes
                0x00000000000001ea       0x33 drivers/src/stm32f401re_gpio_driver.o
 .ARM.attributes
                0x000000000000021d       0x33 drivers/src/stm32f401re_spi_driver.o
 .ARM.attributes
                0x0000000000000250       0x33 src/008spi_cmd_handling.o
 .ARM.attributes
                0x0000000000000283       0x21 startup/startup_stm32.o
 .ARM.attributes
                0x00000000000002a4       0x2e /Applications/Ac6/SystemWorkbench.app/Contents/Eclipse/plugins/fr.ac6.mcu.externaltools.arm-none.macos64_1.17.0.201812190825/tools/compiler/bin/../lib/gcc/arm-none-eabi/7.3.1/../../../../arm-none-eabi/lib/thumb/v7e-m/libc.a(lib_a-errno.o)
 .ARM.attributes
                0x00000000000002d2       0x2e /Applications/Ac6/SystemWorkbench.app/Contents/Eclipse/plugins/fr.ac6.mcu.externaltools.arm-none.macos64_1.17.0.201812190825/tools/compiler/bin/../lib/gcc/arm-none-eabi/7.3.1/../../../../arm-none-eabi/lib/thumb/v7e-m/libc.a(lib_a-findfp.o)
 .ARM.attributes
                0x0000000000000300       0x2e /Applications/Ac6/SystemWorkbench.app/Contents/Eclipse/plugins/fr.ac6.mcu.externaltools.arm-none.macos64_1.17.0.201812190825/tools/compiler/bin/../lib/gcc/arm-none-eabi/7.3.1/../../../../arm-none-eabi/lib/thumb/v7e-m/libc.a(lib_a-fwalk.o)
 .ARM.attributes
                0x000000000000032e       0x2e /Applications/Ac6/SystemWorkbench.app/Contents/Eclipse/plugins/fr.ac6.mcu.externaltools.arm-none.macos64_1.17.0.201812190825/tools/compiler/bin/../lib/gcc/arm-none-eabi/7.3.1/../../../../arm-none-eabi/lib/thumb/v7e-m/libc.a(lib_a-mallocr.o)
 .ARM.attributes
                0x000000000000035c       0x2e /Applications/Ac6/SystemWorkbench.app/Contents/Eclipse/plugins/fr.ac6.mcu.externaltools.arm-none.macos64_1.17.0.201812190825/tools/compiler/bin/../lib/gcc/arm-none-eabi/7.3.1/../../../../arm-none-eabi/lib/thumb/v7e-m/libc.a(lib_a-mlock.o)
 .ARM.attributes
                0x000000000000038a       0x2e /Applications/Ac6/SystemWorkbench.app/Contents/Eclipse/plugins/fr.ac6.mcu.externaltools.arm-none.macos64_1.17.0.201812190825/tools/compiler/bin/../lib/gcc/arm-none-eabi/7.3.1/../../../../arm-none-eabi/lib/thumb/v7e-m/libc.a(lib_a-printf.o)
 .ARM.attributes
                0x00000000000003b8       0x2e /Applications/Ac6/SystemWorkbench.app/Contents/Eclipse/plugins/fr.ac6.mcu.externaltools.arm-none.macos64_1.17.0.201812190825/tools/compiler/bin/../lib/gcc/arm-none-eabi/7.3.1/../../../../arm-none-eabi/lib/thumb/v7e-m/libc.a(lib_a-puts.o)
 .ARM.attributes
                0x00000000000003e6       0x2e /Applications/Ac6/SystemWorkbench.app/Contents/Eclipse/plugins/fr.ac6.mcu.externaltools.arm-none.macos64_1.17.0.201812190825/tools/compiler/bin/../lib/gcc/arm-none-eabi/7.3.1/../../../../arm-none-eabi/lib/thumb/v7e-m/libc.a(lib_a-sbrkr.o)
 .ARM.attributes
                0x0000000000000414       0x2e /Applications/Ac6/SystemWorkbench.app/Contents/Eclipse/plugins/fr.ac6.mcu.externaltools.arm-none.macos64_1.17.0.201812190825/tools/compiler/bin/../lib/gcc/arm-none-eabi/7.3.1/../../../../arm-none-eabi/lib/thumb/v7e-m/libc.a(lib_a-stdio.o)
 .ARM.attributes
                0x0000000000000442       0x1c /Applications/Ac6/SystemWorkbench.app/Contents/Eclipse/plugins/fr.ac6.mcu.externaltools.arm-none.macos64_1.17.0.201812190825/tools/compiler/bin/../lib/gcc/arm-none-eabi/7.3.1/../../../../arm-none-eabi/lib/thumb/v7e-m/libc.a(lib_a-strlen.o)
 .ARM.attributes
                0x000000000000045e       0x2e /Applications/Ac6/SystemWorkbench.app/Contents/Eclipse/plugins/fr.ac6.mcu.externaltools.arm-none.macos64_1.17.0.201812190825/tools/compiler/bin/../lib/gcc/arm-none-eabi/7.3.1/../../../../arm-none-eabi/lib/thumb/v7e-m/libc.a(lib_a-vfprintf.o)
 .ARM.attributes
                0x000000000000048c       0x2e /Applications/Ac6/SystemWorkbench.app/Contents/Eclipse/plugins/fr.ac6.mcu.externaltools.arm-none.macos64_1.17.0.201812190825/tools/compiler/bin/../lib/gcc/arm-none-eabi/7.3.1/../../../../arm-none-eabi/lib/thumb/v7e-m/libc.a(lib_a-writer.o)
 .ARM.attributes
                0x00000000000004ba       0x2e /Applications/Ac6/SystemWorkbench.app/Contents/Eclipse/plugins/fr.ac6.mcu.externaltools.arm-none.macos64_1.17.0.201812190825/tools/compiler/bin/../lib/gcc/arm-none-eabi/7.3.1/../../../../arm-none-eabi/lib/thumb/v7e-m/libc.a(lib_a-wsetup.o)
 .ARM.attributes
                0x00000000000004e8       0x2e /Applications/Ac6/SystemWorkbench.app/Contents/Eclipse/plugins/fr.ac6.mcu.externaltools.arm-none.macos64_1.17.0.201812190825/tools/compiler/bin/../lib/gcc/arm-none-eabi/7.3.1/../../../../arm-none-eabi/lib/thumb/v7e-m/libc.a(lib_a-closer.o)
 .ARM.attributes
                0x0000000000000516       0x2e /Applications/Ac6/SystemWorkbench.app/Contents/Eclipse/plugins/fr.ac6.mcu.externaltools.arm-none.macos64_1.17.0.201812190825/tools/compiler/bin/../lib/gcc/arm-none-eabi/7.3.1/../../../../arm-none-eabi/lib/thumb/v7e-m/libc.a(lib_a-dtoa.o)
 .ARM.attributes
                0x0000000000000544       0x2e /Applications/Ac6/SystemWorkbench.app/Contents/Eclipse/plugins/fr.ac6.mcu.externaltools.arm-none.macos64_1.17.0.201812190825/tools/compiler/bin/../lib/gcc/arm-none-eabi/7.3.1/../../../../arm-none-eabi/lib/thumb/v7e-m/libc.a(lib_a-fclose.o)
 .ARM.attributes
                0x0000000000000572       0x2e /Applications/Ac6/SystemWorkbench.app/Contents/Eclipse/plugins/fr.ac6.mcu.externaltools.arm-none.macos64_1.17.0.201812190825/tools/compiler/bin/../lib/gcc/arm-none-eabi/7.3.1/../../../../arm-none-eabi/lib/thumb/v7e-m/libc.a(lib_a-fflush.o)
 .ARM.attributes
                0x00000000000005a0       0x2e /Applications/Ac6/SystemWorkbench.app/Contents/Eclipse/plugins/fr.ac6.mcu.externaltools.arm-none.macos64_1.17.0.201812190825/tools/compiler/bin/../lib/gcc/arm-none-eabi/7.3.1/../../../../arm-none-eabi/lib/thumb/v7e-m/libc.a(lib_a-freer.o)
 .ARM.attributes
                0x00000000000005ce       0x2e /Applications/Ac6/SystemWorkbench.app/Contents/Eclipse/plugins/fr.ac6.mcu.externaltools.arm-none.macos64_1.17.0.201812190825/tools/compiler/bin/../lib/gcc/arm-none-eabi/7.3.1/../../../../arm-none-eabi/lib/thumb/v7e-m/libc.a(lib_a-fvwrite.o)
 .ARM.attributes
                0x00000000000005fc       0x2e /Applications/Ac6/SystemWorkbench.app/Contents/Eclipse/plugins/fr.ac6.mcu.externaltools.arm-none.macos64_1.17.0.201812190825/tools/compiler/bin/../lib/gcc/arm-none-eabi/7.3.1/../../../../arm-none-eabi/lib/thumb/v7e-m/libc.a(lib_a-localeconv.o)
 .ARM.attributes
                0x000000000000062a       0x2e /Applications/Ac6/SystemWorkbench.app/Contents/Eclipse/plugins/fr.ac6.mcu.externaltools.arm-none.macos64_1.17.0.201812190825/tools/compiler/bin/../lib/gcc/arm-none-eabi/7.3.1/../../../../arm-none-eabi/lib/thumb/v7e-m/libc.a(lib_a-lseekr.o)
 .ARM.attributes
                0x0000000000000658       0x2e /Applications/Ac6/SystemWorkbench.app/Contents/Eclipse/plugins/fr.ac6.mcu.externaltools.arm-none.macos64_1.17.0.201812190825/tools/compiler/bin/../lib/gcc/arm-none-eabi/7.3.1/../../../../arm-none-eabi/lib/thumb/v7e-m/libc.a(lib_a-makebuf.o)
 .ARM.attributes
                0x0000000000000686       0x1c /Applications/Ac6/SystemWorkbench.app/Contents/Eclipse/plugins/fr.ac6.mcu.externaltools.arm-none.macos64_1.17.0.201812190825/tools/compiler/bin/../lib/gcc/arm-none-eabi/7.3.1/../../../../arm-none-eabi/lib/thumb/v7e-m/libc.a(lib_a-memchr.o)
 .ARM.attributes
                0x00000000000006a2       0x1c /Applications/Ac6/SystemWorkbench.app/Contents/Eclipse/plugins/fr.ac6.mcu.externaltools.arm-none.macos64_1.17.0.201812190825/tools/compiler/bin/../lib/gcc/arm-none-eabi/7.3.1/../../../../arm-none-eabi/lib/thumb/v7e-m/libc.a(lib_a-memcpy.o)
 .ARM.attributes
                0x00000000000006be       0x2e /Applications/Ac6/SystemWorkbench.app/Contents/Eclipse/plugins/fr.ac6.mcu.externaltools.arm-none.macos64_1.17.0.201812190825/tools/compiler/bin/../lib/gcc/arm-none-eabi/7.3.1/../../../../arm-none-eabi/lib/thumb/v7e-m/libc.a(lib_a-memmove.o)
 .ARM.attributes
                0x00000000000006ec       0x2e /Applications/Ac6/SystemWorkbench.app/Contents/Eclipse/plugins/fr.ac6.mcu.externaltools.arm-none.macos64_1.17.0.201812190825/tools/compiler/bin/../lib/gcc/arm-none-eabi/7.3.1/../../../../arm-none-eabi/lib/thumb/v7e-m/libc.a(lib_a-mprec.o)
 .ARM.attributes
                0x000000000000071a       0x2e /Applications/Ac6/SystemWorkbench.app/Contents/Eclipse/plugins/fr.ac6.mcu.externaltools.arm-none.macos64_1.17.0.201812190825/tools/compiler/bin/../lib/gcc/arm-none-eabi/7.3.1/../../../../arm-none-eabi/lib/thumb/v7e-m/libc.a(lib_a-readr.o)
 .ARM.attributes
                0x0000000000000748       0x2e /Applications/Ac6/SystemWorkbench.app/Contents/Eclipse/plugins/fr.ac6.mcu.externaltools.arm-none.macos64_1.17.0.201812190825/tools/compiler/bin/../lib/gcc/arm-none-eabi/7.3.1/../../../../arm-none-eabi/lib/thumb/v7e-m/libc.a(lib_a-reallocr.o)
 .ARM.attributes
                0x0000000000000776       0x2e /Applications/Ac6/SystemWorkbench.app/Contents/Eclipse/plugins/fr.ac6.mcu.externaltools.arm-none.macos64_1.17.0.201812190825/tools/compiler/bin/../lib/gcc/arm-none-eabi/7.3.1/../../../../arm-none-eabi/lib/thumb/v7e-m/libc.a(lib_a-reent.o)
 .ARM.attributes
                0x00000000000007a4       0x2e /Applications/Ac6/SystemWorkbench.app/Contents/Eclipse/plugins/fr.ac6.mcu.externaltools.arm-none.macos64_1.17.0.201812190825/tools/compiler/bin/../lib/gcc/arm-none-eabi/7.3.1/../../../../arm-none-eabi/lib/thumb/v7e-m/libc.a(lib_a-s_frexp.o)
 .ARM.attributes
                0x00000000000007d2       0x2e /Applications/Ac6/SystemWorkbench.app/Contents/Eclipse/plugins/fr.ac6.mcu.externaltools.arm-none.macos64_1.17.0.201812190825/tools/compiler/bin/../lib/gcc/arm-none-eabi/7.3.1/../../../../arm-none-eabi/lib/thumb/v7e-m/libc.a(lib_a-strncpy.o)
 .ARM.attributes
                0x0000000000000800       0x2e /Applications/Ac6/SystemWorkbench.app/Contents/Eclipse/plugins/fr.ac6.mcu.externaltools.arm-none.macos64_1.17.0.201812190825/tools/compiler/bin/../lib/gcc/arm-none-eabi/7.3.1/../../../../arm-none-eabi/lib/thumb/v7e-m/libc.a(lib_a-vfiprintf.o)
 .ARM.attributes
                0x000000000000082e       0x2e /Applications/Ac6/SystemWorkbench.app/Contents/Eclipse/plugins/fr.ac6.mcu.externaltools.arm-none.macos64_1.17.0.201812190825/tools/compiler/bin/../lib/gcc/arm-none-eabi/7.3.1/../../../../arm-none-eabi/lib/thumb/v7e-m/libc.a(lib_a-callocr.o)
 .ARM.attributes
                0x000000000000085c       0x2e /Applications/Ac6/SystemWorkbench.app/Contents/Eclipse/plugins/fr.ac6.mcu.externaltools.arm-none.macos64_1.17.0.201812190825/tools/compiler/bin/../lib/gcc/arm-none-eabi/7.3.1/../../../../arm-none-eabi/lib/thumb/v7e-m/libc.a(lib_a-fputwc.o)
 .ARM.attributes
                0x000000000000088a       0x2e /Applications/Ac6/SystemWorkbench.app/Contents/Eclipse/plugins/fr.ac6.mcu.externaltools.arm-none.macos64_1.17.0.201812190825/tools/compiler/bin/../lib/gcc/arm-none-eabi/7.3.1/../../../../arm-none-eabi/lib/thumb/v7e-m/libc.a(lib_a-fstatr.o)
 .ARM.attributes
                0x00000000000008b8       0x2e /Applications/Ac6/SystemWorkbench.app/Contents/Eclipse/plugins/fr.ac6.mcu.externaltools.arm-none.macos64_1.17.0.201812190825/tools/compiler/bin/../lib/gcc/arm-none-eabi/7.3.1/../../../../arm-none-eabi/lib/thumb/v7e-m/libc.a(lib_a-isattyr.o)
 .ARM.attributes
                0x00000000000008e6       0x2e /Applications/Ac6/SystemWorkbench.app/Contents/Eclipse/plugins/fr.ac6.mcu.externaltools.arm-none.macos64_1.17.0.201812190825/tools/compiler/bin/../lib/gcc/arm-none-eabi/7.3.1/../../../../arm-none-eabi/lib/thumb/v7e-m/libc.a(lib_a-locale.o)
 .ARM.attributes
                0x0000000000000914       0x2e /Applications/Ac6/SystemWorkbench.app/Contents/Eclipse/plugins/fr.ac6.mcu.externaltools.arm-none.macos64_1.17.0.201812190825/tools/compiler/bin/../lib/gcc/arm-none-eabi/7.3.1/../../../../arm-none-eabi/lib/thumb/v7e-m/libc.a(lib_a-mbtowc_r.o)
 .ARM.attributes
                0x0000000000000942       0x2e /Applications/Ac6/SystemWorkbench.app/Contents/Eclipse/plugins/fr.ac6.mcu.externaltools.arm-none.macos64_1.17.0.201812190825/tools/compiler/bin/../lib/gcc/arm-none-eabi/7.3.1/../../../../arm-none-eabi/lib/thumb/v7e-m/libc.a(lib_a-wbuf.o)
 .ARM.attributes
                0x0000000000000970       0x2e /Applications/Ac6/SystemWorkbench.app/Contents/Eclipse/plugins/fr.ac6.mcu.externaltools.arm-none.macos64_1.17.0.201812190825/tools/compiler/bin/../lib/gcc/arm-none-eabi/7.3.1/../../../../arm-none-eabi/lib/thumb/v7e-m/libc.a(lib_a-wcrtomb.o)
 .ARM.attributes
                0x000000000000099e       0x2e /Applications/Ac6/SystemWorkbench.app/Contents/Eclipse/plugins/fr.ac6.mcu.externaltools.arm-none.macos64_1.17.0.201812190825/tools/compiler/bin/../lib/gcc/arm-none-eabi/7.3.1/../../../../arm-none-eabi/lib/thumb/v7e-m/libc.a(lib_a-wctomb_r.o)
 .ARM.attributes
                0x00000000000009cc       0x2e /Applications/Ac6/SystemWorkbench.app/Contents/Eclipse/plugins/fr.ac6.mcu.externaltools.arm-none.macos64_1.17.0.201812190825/tools/compiler/bin/../lib/gcc/arm-none-eabi/7.3.1/../../../../arm-none-eabi/lib/thumb/v7e-m/libc.a(lib_a-ctype_.o)
 .ARM.attributes
                0x00000000000009fa       0x1e /Applications/Ac6/SystemWorkbench.app/Contents/Eclipse/plugins/fr.ac6.mcu.externaltools.arm-none.macos64_1.17.0.201812190825/tools/compiler/bin/../lib/gcc/arm-none-eabi/7.3.1/thumb/v7e-m/libgcc.a(_arm_addsubdf3.o)
 .ARM.attributes
                0x0000000000000a18       0x1e /Applications/Ac6/SystemWorkbench.app/Contents/Eclipse/plugins/fr.ac6.mcu.externaltools.arm-none.macos64_1.17.0.201812190825/tools/compiler/bin/../lib/gcc/arm-none-eabi/7.3.1/thumb/v7e-m/libgcc.a(_arm_muldivdf3.o)
 .ARM.attributes
                0x0000000000000a36       0x1e /Applications/Ac6/SystemWorkbench.app/Contents/Eclipse/plugins/fr.ac6.mcu.externaltools.arm-none.macos64_1.17.0.201812190825/tools/compiler/bin/../lib/gcc/arm-none-eabi/7.3.1/thumb/v7e-m/libgcc.a(_arm_cmpdf2.o)
 .ARM.attributes
                0x0000000000000a54       0x1e /Applications/Ac6/SystemWorkbench.app/Contents/Eclipse/plugins/fr.ac6.mcu.externaltools.arm-none.macos64_1.17.0.201812190825/tools/compiler/bin/../lib/gcc/arm-none-eabi/7.3.1/thumb/v7e-m/libgcc.a(_arm_unorddf2.o)
 .ARM.attributes
                0x0000000000000a72       0x1e /Applications/Ac6/SystemWorkbench.app/Contents/Eclipse/plugins/fr.ac6.mcu.externaltools.arm-none.macos64_1.17.0.201812190825/tools/compiler/bin/../lib/gcc/arm-none-eabi/7.3.1/thumb/v7e-m/libgcc.a(_arm_fixdfsi.o)
 .ARM.attributes
                0x0000000000000a90       0x1e /Applications/Ac6/SystemWorkbench.app/Contents/Eclipse/plugins/fr.ac6.mcu.externaltools.arm-none.macos64_1.17.0.201812190825/tools/compiler/bin/../lib/gcc/arm-none-eabi/7.3.1/thumb/v7e-m/libgcc.a(_aeabi_uldivmod.o)
 .ARM.attributes
                0x0000000000000aae       0x2e /Applications/Ac6/SystemWorkbench.app/Contents/Eclipse/plugins/fr.ac6.mcu.externaltools.arm-none.macos64_1.17.0.201812190825/tools/compiler/bin/../lib/gcc/arm-none-eabi/7.3.1/thumb/v7e-m/libgcc.a(_udivmoddi4.o)
 .ARM.attributes
                0x0000000000000adc       0x1e /Applications/Ac6/SystemWorkbench.app/Contents/Eclipse/plugins/fr.ac6.mcu.externaltools.arm-none.macos64_1.17.0.201812190825/tools/compiler/bin/../lib/gcc/arm-none-eabi/7.3.1/thumb/v7e-m/libgcc.a(_dvmd_tls.o)
 .ARM.attributes
                0x0000000000000afa       0x1e /Applications/Ac6/SystemWorkbench.app/Contents/Eclipse/plugins/fr.ac6.mcu.externaltools.arm-none.macos64_1.17.0.201812190825/tools/compiler/bin/../lib/gcc/arm-none-eabi/7.3.1/thumb/v7e-m/crtn.o
OUTPUT(stm32f4xx_drivers.elf elf32-littlearm)

.debug_frame    0x0000000000000000     0x1cf0
 .debug_frame   0x0000000000000000       0x2c /Applications/Ac6/SystemWorkbench.app/Contents/Eclipse/plugins/fr.ac6.mcu.externaltools.arm-none.macos64_1.17.0.201812190825/tools/compiler/bin/../lib/gcc/arm-none-eabi/7.3.1/../../../../arm-none-eabi/lib/thumb/v7e-m/libc.a(lib_a-init.o)
 .debug_frame   0x000000000000002c       0x38 /Applications/Ac6/SystemWorkbench.app/Contents/Eclipse/plugins/fr.ac6.mcu.externaltools.arm-none.macos64_1.17.0.201812190825/tools/compiler/bin/../lib/gcc/arm-none-eabi/7.3.1/../../../../arm-none-eabi/lib/thumb/v7e-m/libc.a(lib_a-memset.o)
 .debug_frame   0x0000000000000064       0x5c /Applications/Ac6/SystemWorkbench.app/Contents/Eclipse/plugins/fr.ac6.mcu.externaltools.arm-none.macos64_1.17.0.201812190825/tools/compiler/bin/../lib/gcc/arm-none-eabi/7.3.1/../../../../arm-none-eabi/lib/thumb/v7e-m/libc.a(lib_a-__call_atexit.o)
 .debug_frame   0x00000000000000c0       0x20 /Applications/Ac6/SystemWorkbench.app/Contents/Eclipse/plugins/fr.ac6.mcu.externaltools.arm-none.macos64_1.17.0.201812190825/tools/compiler/bin/../lib/gcc/arm-none-eabi/7.3.1/../../../../arm-none-eabi/lib/thumb/v7e-m/libc.a(lib_a-atexit.o)
 .debug_frame   0x00000000000000e0       0x34 /Applications/Ac6/SystemWorkbench.app/Contents/Eclipse/plugins/fr.ac6.mcu.externaltools.arm-none.macos64_1.17.0.201812190825/tools/compiler/bin/../lib/gcc/arm-none-eabi/7.3.1/../../../../arm-none-eabi/lib/thumb/v7e-m/libc.a(lib_a-fini.o)
 .debug_frame   0x0000000000000114       0xb0 /Applications/Ac6/SystemWorkbench.app/Contents/Eclipse/plugins/fr.ac6.mcu.externaltools.arm-none.macos64_1.17.0.201812190825/tools/compiler/bin/../lib/gcc/arm-none-eabi/7.3.1/../../../../arm-none-eabi/lib/thumb/v7e-m/libc.a(lib_a-lock.o)
 .debug_frame   0x00000000000001c4       0x34 /Applications/Ac6/SystemWorkbench.app/Contents/Eclipse/plugins/fr.ac6.mcu.externaltools.arm-none.macos64_1.17.0.201812190825/tools/compiler/bin/../lib/gcc/arm-none-eabi/7.3.1/../../../../arm-none-eabi/lib/thumb/v7e-m/libc.a(lib_a-__atexit.o)
 .debug_frame   0x00000000000001f8      0x418 /Applications/Ac6/SystemWorkbench.app/Contents/Eclipse/plugins/fr.ac6.mcu.externaltools.arm-none.macos64_1.17.0.201812190825/tools/compiler/bin/../lib/gcc/arm-none-eabi/7.3.1/../../../../arm-none-eabi/lib/thumb/v7e-m/librdimon.a(rdimon-syscalls.o)
 .debug_frame   0x0000000000000610      0x1c8 drivers/src/stm32f401re_gpio_driver.o
 .debug_frame   0x00000000000007d8      0x2a4 drivers/src/stm32f401re_spi_driver.o
 .debug_frame   0x0000000000000a7c       0xf0 src/008spi_cmd_handling.o
 .debug_frame   0x0000000000000b6c       0x20 /Applications/Ac6/SystemWorkbench.app/Contents/Eclipse/plugins/fr.ac6.mcu.externaltools.arm-none.macos64_1.17.0.201812190825/tools/compiler/bin/../lib/gcc/arm-none-eabi/7.3.1/../../../../arm-none-eabi/lib/thumb/v7e-m/libc.a(lib_a-errno.o)
 .debug_frame   0x0000000000000b8c      0x148 /Applications/Ac6/SystemWorkbench.app/Contents/Eclipse/plugins/fr.ac6.mcu.externaltools.arm-none.macos64_1.17.0.201812190825/tools/compiler/bin/../lib/gcc/arm-none-eabi/7.3.1/../../../../arm-none-eabi/lib/thumb/v7e-m/libc.a(lib_a-findfp.o)
 .debug_frame   0x0000000000000cd4       0x54 /Applications/Ac6/SystemWorkbench.app/Contents/Eclipse/plugins/fr.ac6.mcu.externaltools.arm-none.macos64_1.17.0.201812190825/tools/compiler/bin/../lib/gcc/arm-none-eabi/7.3.1/../../../../arm-none-eabi/lib/thumb/v7e-m/libc.a(lib_a-fwalk.o)
 .debug_frame   0x0000000000000d28       0x54 /Applications/Ac6/SystemWorkbench.app/Contents/Eclipse/plugins/fr.ac6.mcu.externaltools.arm-none.macos64_1.17.0.201812190825/tools/compiler/bin/../lib/gcc/arm-none-eabi/7.3.1/../../../../arm-none-eabi/lib/thumb/v7e-m/libc.a(lib_a-mallocr.o)
 .debug_frame   0x0000000000000d7c       0x30 /Applications/Ac6/SystemWorkbench.app/Contents/Eclipse/plugins/fr.ac6.mcu.externaltools.arm-none.macos64_1.17.0.201812190825/tools/compiler/bin/../lib/gcc/arm-none-eabi/7.3.1/../../../../arm-none-eabi/lib/thumb/v7e-m/libc.a(lib_a-mlock.o)
 .debug_frame   0x0000000000000dac       0x74 /Applications/Ac6/SystemWorkbench.app/Contents/Eclipse/plugins/fr.ac6.mcu.externaltools.arm-none.macos64_1.17.0.201812190825/tools/compiler/bin/../lib/gcc/arm-none-eabi/7.3.1/../../../../arm-none-eabi/lib/thumb/v7e-m/libc.a(lib_a-printf.o)
 .debug_frame   0x0000000000000e20       0x4c /Applications/Ac6/SystemWorkbench.app/Contents/Eclipse/plugins/fr.ac6.mcu.externaltools.arm-none.macos64_1.17.0.201812190825/tools/compiler/bin/../lib/gcc/arm-none-eabi/7.3.1/../../../../arm-none-eabi/lib/thumb/v7e-m/libc.a(lib_a-puts.o)
 .debug_frame   0x0000000000000e6c       0x2c /Applications/Ac6/SystemWorkbench.app/Contents/Eclipse/plugins/fr.ac6.mcu.externaltools.arm-none.macos64_1.17.0.201812190825/tools/compiler/bin/../lib/gcc/arm-none-eabi/7.3.1/../../../../arm-none-eabi/lib/thumb/v7e-m/libc.a(lib_a-sbrkr.o)
 .debug_frame   0x0000000000000e98       0x88 /Applications/Ac6/SystemWorkbench.app/Contents/Eclipse/plugins/fr.ac6.mcu.externaltools.arm-none.macos64_1.17.0.201812190825/tools/compiler/bin/../lib/gcc/arm-none-eabi/7.3.1/../../../../arm-none-eabi/lib/thumb/v7e-m/libc.a(lib_a-stdio.o)
 .debug_frame   0x0000000000000f20       0x94 /Applications/Ac6/SystemWorkbench.app/Contents/Eclipse/plugins/fr.ac6.mcu.externaltools.arm-none.macos64_1.17.0.201812190825/tools/compiler/bin/../lib/gcc/arm-none-eabi/7.3.1/../../../../arm-none-eabi/lib/thumb/v7e-m/libc.a(lib_a-vfprintf.o)
 .debug_frame   0x0000000000000fb4       0x2c /Applications/Ac6/SystemWorkbench.app/Contents/Eclipse/plugins/fr.ac6.mcu.externaltools.arm-none.macos64_1.17.0.201812190825/tools/compiler/bin/../lib/gcc/arm-none-eabi/7.3.1/../../../../arm-none-eabi/lib/thumb/v7e-m/libc.a(lib_a-writer.o)
 .debug_frame   0x0000000000000fe0       0x2c /Applications/Ac6/SystemWorkbench.app/Contents/Eclipse/plugins/fr.ac6.mcu.externaltools.arm-none.macos64_1.17.0.201812190825/tools/compiler/bin/../lib/gcc/arm-none-eabi/7.3.1/../../../../arm-none-eabi/lib/thumb/v7e-m/libc.a(lib_a-wsetup.o)
 .debug_frame   0x000000000000100c       0x2c /Applications/Ac6/SystemWorkbench.app/Contents/Eclipse/plugins/fr.ac6.mcu.externaltools.arm-none.macos64_1.17.0.201812190825/tools/compiler/bin/../lib/gcc/arm-none-eabi/7.3.1/../../../../arm-none-eabi/lib/thumb/v7e-m/libc.a(lib_a-closer.o)
 .debug_frame   0x0000000000001038       0x90 /Applications/Ac6/SystemWorkbench.app/Contents/Eclipse/plugins/fr.ac6.mcu.externaltools.arm-none.macos64_1.17.0.201812190825/tools/compiler/bin/../lib/gcc/arm-none-eabi/7.3.1/../../../../arm-none-eabi/lib/thumb/v7e-m/libc.a(lib_a-dtoa.o)
 .debug_frame   0x00000000000010c8       0x3c /Applications/Ac6/SystemWorkbench.app/Contents/Eclipse/plugins/fr.ac6.mcu.externaltools.arm-none.macos64_1.17.0.201812190825/tools/compiler/bin/../lib/gcc/arm-none-eabi/7.3.1/../../../../arm-none-eabi/lib/thumb/v7e-m/libc.a(lib_a-fclose.o)